usbd_conf.c:70:6:HAL_PCD_MspInit	24	static
usbd_conf.c:89:6:HAL_PCD_MspDeInit	16	static
usbd_conf.c:122:6:HAL_PCD_SetupStageCallback	16	static
usbd_conf.c:143:6:HAL_PCD_DataOutStageCallback	24	static
usbd_conf.c:164:6:HAL_PCD_DataInStageCallback	16	static
usbd_conf.c:184:6:HAL_PCD_SOFCallback	16	static
usbd_conf.c:204:6:HAL_PCD_ResetCallback	24	static
usbd_conf.c:232:6:HAL_PCD_SuspendCallback	16	static
usbd_conf.c:263:6:HAL_PCD_ResumeCallback	16	static
usbd_conf.c:295:6:HAL_PCD_ISOOUTIncompleteCallback	16	static
usbd_conf.c:316:6:HAL_PCD_ISOINIncompleteCallback	16	static
usbd_conf.c:336:6:HAL_PCD_ConnectCallback	16	static
usbd_conf.c:356:6:HAL_PCD_DisconnectCallback	16	static
usbd_conf.c:381:20:USBD_LL_Init	16	static
usbd_conf.c:444:20:USBD_LL_DeInit	40	static
usbd_conf.c:461:20:USBD_LL_Start	40	static
usbd_conf.c:478:20:USBD_LL_Stop	40	static
usbd_conf.c:498:20:USBD_LL_OpenEP	40	static
usbd_conf.c:516:20:USBD_LL_CloseEP	40	static
usbd_conf.c:534:20:USBD_LL_FlushEP	40	static
usbd_conf.c:552:20:USBD_LL_StallEP	40	static
usbd_conf.c:570:20:USBD_LL_ClearStallEP	40	static
usbd_conf.c:588:9:USBD_LL_IsStallEP	24	static
usbd_conf.c:608:20:USBD_LL_SetUSBAddress	40	static
usbd_conf.c:628:20:USBD_LL_Transmit	48	static
usbd_conf.c:648:20:USBD_LL_PrepareReceive	48	static
usbd_conf.c:666:10:USBD_LL_GetRxDataSize	16	static
usbd_conf.c:680:6:HAL_PCDEx_LPM_Callback	16	static
usbd_conf.c:718:7:USBD_static_malloc	16	static
usbd_conf.c:729:6:USBD_static_free	16	static
usbd_conf.c:739:6:USBD_LL_Delay	16	static
usbd_conf.c:750:13:SystemClockConfig_Resume	8	static
usbd_conf.c:761:20:USBD_Get_USB_Status	24	static
