Archive member included to satisfy reference by file (symbol)

../Middlewares/ST/STM32_USBPD_Library/Core/lib\USBPDCORE_NOPD_CM0PLUS_wc32.a(usbpd_cad.o)
                              USBPD/usbpd_dpm_core.o (USBPD_CAD_Init)
../Middlewares/ST/STM32_USBPD_Library/Core/lib\USBPDCORE_NOPD_CM0PLUS_wc32.a(usbpd_pe_lib.o)
                              USBPD/usbpd_dpm_core.o (USBPD_PE_CheckLIB)
c:/st/stm32cubeide_1.6.0/stm32cubeide/plugins/com.st.stm32cube.ide.mcu.externaltools.gnu-tools-for-stm32.9-2020-q2-update.win32_1.5.0.202011040924/tools/bin/../lib/gcc/arm-none-eabi/9.3.1/../../../../arm-none-eabi/lib/thumb/v6-m/nofp\libc_nano.a(lib_a-errno.o)
                              Core/Src/syscalls.o (__errno)
c:/st/stm32cubeide_1.6.0/stm32cubeide/plugins/com.st.stm32cube.ide.mcu.externaltools.gnu-tools-for-stm32.9-2020-q2-update.win32_1.5.0.202011040924/tools/bin/../lib/gcc/arm-none-eabi/9.3.1/../../../../arm-none-eabi/lib/thumb/v6-m/nofp\libc_nano.a(lib_a-exit.o)
                              c:/st/stm32cubeide_1.6.0/stm32cubeide/plugins/com.st.stm32cube.ide.mcu.externaltools.gnu-tools-for-stm32.9-2020-q2-update.win32_1.5.0.202011040924/tools/bin/../lib/gcc/arm-none-eabi/9.3.1/../../../../arm-none-eabi/lib/thumb/v6-m/nofp/crt0.o (exit)
c:/st/stm32cubeide_1.6.0/stm32cubeide/plugins/com.st.stm32cube.ide.mcu.externaltools.gnu-tools-for-stm32.9-2020-q2-update.win32_1.5.0.202011040924/tools/bin/../lib/gcc/arm-none-eabi/9.3.1/../../../../arm-none-eabi/lib/thumb/v6-m/nofp\libc_nano.a(lib_a-impure.o)
                              c:/st/stm32cubeide_1.6.0/stm32cubeide/plugins/com.st.stm32cube.ide.mcu.externaltools.gnu-tools-for-stm32.9-2020-q2-update.win32_1.5.0.202011040924/tools/bin/../lib/gcc/arm-none-eabi/9.3.1/../../../../arm-none-eabi/lib/thumb/v6-m/nofp\libc_nano.a(lib_a-exit.o) (_global_impure_ptr)
c:/st/stm32cubeide_1.6.0/stm32cubeide/plugins/com.st.stm32cube.ide.mcu.externaltools.gnu-tools-for-stm32.9-2020-q2-update.win32_1.5.0.202011040924/tools/bin/../lib/gcc/arm-none-eabi/9.3.1/../../../../arm-none-eabi/lib/thumb/v6-m/nofp\libc_nano.a(lib_a-init.o)
                              c:/st/stm32cubeide_1.6.0/stm32cubeide/plugins/com.st.stm32cube.ide.mcu.externaltools.gnu-tools-for-stm32.9-2020-q2-update.win32_1.5.0.202011040924/tools/bin/../lib/gcc/arm-none-eabi/9.3.1/../../../../arm-none-eabi/lib/thumb/v6-m/nofp/crt0.o (__libc_init_array)
c:/st/stm32cubeide_1.6.0/stm32cubeide/plugins/com.st.stm32cube.ide.mcu.externaltools.gnu-tools-for-stm32.9-2020-q2-update.win32_1.5.0.202011040924/tools/bin/../lib/gcc/arm-none-eabi/9.3.1/../../../../arm-none-eabi/lib/thumb/v6-m/nofp\libc_nano.a(lib_a-malloc.o)
                              ../Middlewares/ST/STM32_USBPD_Library/Core/lib\USBPDCORE_NOPD_CM0PLUS_wc32.a(usbpd_cad.o) (malloc)
c:/st/stm32cubeide_1.6.0/stm32cubeide/plugins/com.st.stm32cube.ide.mcu.externaltools.gnu-tools-for-stm32.9-2020-q2-update.win32_1.5.0.202011040924/tools/bin/../lib/gcc/arm-none-eabi/9.3.1/../../../../arm-none-eabi/lib/thumb/v6-m/nofp\libc_nano.a(lib_a-memset.o)
                              c:/st/stm32cubeide_1.6.0/stm32cubeide/plugins/com.st.stm32cube.ide.mcu.externaltools.gnu-tools-for-stm32.9-2020-q2-update.win32_1.5.0.202011040924/tools/bin/../lib/gcc/arm-none-eabi/9.3.1/../../../../arm-none-eabi/lib/thumb/v6-m/nofp/crt0.o (memset)
c:/st/stm32cubeide_1.6.0/stm32cubeide/plugins/com.st.stm32cube.ide.mcu.externaltools.gnu-tools-for-stm32.9-2020-q2-update.win32_1.5.0.202011040924/tools/bin/../lib/gcc/arm-none-eabi/9.3.1/../../../../arm-none-eabi/lib/thumb/v6-m/nofp\libc_nano.a(lib_a-nano-freer.o)
                              c:/st/stm32cubeide_1.6.0/stm32cubeide/plugins/com.st.stm32cube.ide.mcu.externaltools.gnu-tools-for-stm32.9-2020-q2-update.win32_1.5.0.202011040924/tools/bin/../lib/gcc/arm-none-eabi/9.3.1/../../../../arm-none-eabi/lib/thumb/v6-m/nofp\libc_nano.a(lib_a-malloc.o) (_free_r)
c:/st/stm32cubeide_1.6.0/stm32cubeide/plugins/com.st.stm32cube.ide.mcu.externaltools.gnu-tools-for-stm32.9-2020-q2-update.win32_1.5.0.202011040924/tools/bin/../lib/gcc/arm-none-eabi/9.3.1/../../../../arm-none-eabi/lib/thumb/v6-m/nofp\libc_nano.a(lib_a-nano-mallocr.o)
                              c:/st/stm32cubeide_1.6.0/stm32cubeide/plugins/com.st.stm32cube.ide.mcu.externaltools.gnu-tools-for-stm32.9-2020-q2-update.win32_1.5.0.202011040924/tools/bin/../lib/gcc/arm-none-eabi/9.3.1/../../../../arm-none-eabi/lib/thumb/v6-m/nofp\libc_nano.a(lib_a-malloc.o) (_malloc_r)
c:/st/stm32cubeide_1.6.0/stm32cubeide/plugins/com.st.stm32cube.ide.mcu.externaltools.gnu-tools-for-stm32.9-2020-q2-update.win32_1.5.0.202011040924/tools/bin/../lib/gcc/arm-none-eabi/9.3.1/../../../../arm-none-eabi/lib/thumb/v6-m/nofp\libc_nano.a(lib_a-sbrkr.o)
[...]
Memory Configuration

Name             Origin             Length             Attributes
RAM              0x0000000020000000 0x0000000000024000 xrw
FLASH            0x0000000008000000 0x0000000000080000 xr
*default*        0x0000000000000000 0xffffffffffffffff

Linker script and memory map

LOAD c:/st/stm32cubeide_1.6.0/stm32cubeide/plugins/com.st.stm32cube.ide.mcu.externaltools.gnu-tools-for-stm32.9-2020-q2-update.win32_1.5.0.202011040924/tools/bin/../lib/gcc/arm-none-eabi/9.3.1/thumb/v6-m/nofp/crti.o
LOAD c:/st/stm32cubeide_1.6.0/stm32cubeide/plugins/com.st.stm32cube.ide.mcu.externaltools.gnu-tools-for-stm32.9-2020-q2-update.win32_1.5.0.202011040924/tools/bin/../lib/gcc/arm-none-eabi/9.3.1/thumb/v6-m/nofp/crtbegin.o
LOAD c:/st/stm32cubeide_1.6.0/stm32cubeide/plugins/com.st.stm32cube.ide.mcu.externaltools.gnu-tools-for-stm32.9-2020-q2-update.win32_1.5.0.202011040924/tools/bin/../lib/gcc/arm-none-eabi/9.3.1/../../../../arm-none-eabi/lib/thumb/v6-m/nofp/crt0.o
LOAD Core/Src/main.o
LOAD Core/Src/stm32g0xx_hal_msp.o
LOAD Core/Src/stm32g0xx_it.o
LOAD Core/Src/syscalls.o
LOAD Core/Src/sysmem.o
LOAD Core/Src/system_stm32g0xx.o
LOAD Core/Startup/startup_stm32g0b1retx.o
LOAD Drivers/STM32G0xx_HAL_Driver/Src/stm32g0xx_hal.o
LOAD Drivers/STM32G0xx_HAL_Driver/Src/stm32g0xx_hal_cortex.o
LOAD Drivers/STM32G0xx_HAL_Driver/Src/stm32g0xx_hal_dma.o
LOAD Drivers/STM32G0xx_HAL_Driver/Src/stm32g0xx_hal_dma_ex.o
LOAD Drivers/STM32G0xx_HAL_Driver/Src/stm32g0xx_hal_exti.o
LOAD Drivers/STM32G0xx_HAL_Driver/Src/stm32g0xx_hal_flash.o
LOAD Drivers/STM32G0xx_HAL_Driver/Src/stm32g0xx_hal_flash_ex.o
LOAD Drivers/STM32G0xx_HAL_Driver/Src/stm32g0xx_hal_gpio.o
LOAD Drivers/STM32G0xx_HAL_Driver/Src/stm32g0xx_hal_pcd.o
LOAD Drivers/STM32G0xx_HAL_Driver/Src/stm32g0xx_hal_pcd_ex.o
LOAD Drivers/STM32G0xx_HAL_Driver/Src/stm32g0xx_hal_pwr.o
LOAD Drivers/STM32G0xx_HAL_Driver/Src/stm32g0xx_hal_pwr_ex.o
LOAD Drivers/STM32G0xx_HAL_Driver/Src/stm32g0xx_hal_rcc.o
LOAD Drivers/STM32G0xx_HAL_Driver/Src/stm32g0xx_hal_rcc_ex.o
LOAD Drivers/STM32G0xx_HAL_Driver/Src/stm32g0xx_hal_tim.o
LOAD Drivers/STM32G0xx_HAL_Driver/Src/stm32g0xx_hal_tim_ex.o
LOAD Drivers/STM32G0xx_HAL_Driver/Src/stm32g0xx_hal_uart.o
LOAD Drivers/STM32G0xx_HAL_Driver/Src/stm32g0xx_hal_uart_ex.o
LOAD Drivers/STM32G0xx_HAL_Driver/Src/stm32g0xx_ll_crs.o
LOAD Drivers/STM32G0xx_HAL_Driver/Src/stm32g0xx_ll_dma.o
LOAD Drivers/STM32G0xx_HAL_Driver/Src/stm32g0xx_ll_exti.o
LOAD Drivers/STM32G0xx_HAL_Driver/Src/stm32g0xx_ll_gpio.o
LOAD Drivers/STM32G0xx_HAL_Driver/Src/stm32g0xx_ll_rcc.o
LOAD Drivers/STM32G0xx_HAL_Driver/Src/stm32g0xx_ll_tim.o
LOAD Drivers/STM32G0xx_HAL_Driver/Src/stm32g0xx_ll_ucpd.o
LOAD Drivers/STM32G0xx_HAL_Driver/Src/stm32g0xx_ll_usb.o
LOAD Drivers/STM32G0xx_HAL_Driver/Src/stm32g0xx_ll_utils.o
LOAD Middlewares/ST/STM32_USBPD_Library/Core/src/usbpd_trace.o
LOAD Middlewares/ST/STM32_USBPD_Library/Devices/STM32G0XX/src/usbpd_cad_hw_if.o
LOAD Middlewares/ST/STM32_USBPD_Library/Devices/STM32G0XX/src/usbpd_hw.o
LOAD Middlewares/ST/STM32_USBPD_Library/Devices/STM32G0XX/src/usbpd_phy_hw_if.o
LOAD Middlewares/ST/STM32_USB_Device_Library/Class/CDC/Src/usbd_cdc.o
LOAD Middlewares/ST/STM32_USB_Device_Library/Core/Src/usbd_core.o
LOAD Middlewares/ST/STM32_USB_Device_Library/Core/Src/usbd_ctlreq.o
LOAD Middlewares/ST/STM32_USB_Device_Library/Core/Src/usbd_ioreq.o
LOAD USBPD/App/usbpd.o
LOAD USBPD/usbpd_dpm_core.o
LOAD USB_Device/App/usb_device.o
LOAD USB_Device/App/usbd_cdc_if.o
LOAD USB_Device/App/usbd_desc.o
LOAD USB_Device/Target/usbd_conf.o
LOAD ../Middlewares/ST/STM32_USBPD_Library/Core/lib\USBPDCORE_NOPD_CM0PLUS_wc32.a
START GROUP
LOAD ../Middlewares/ST/STM32_USBPD_Library/Core/lib\USBPDCORE_NOPD_CM0PLUS_wc32.a
END GROUP
START GROUP
LOAD c:/st/stm32cubeide_1.6.0/stm32cubeide/plugins/com.st.stm32cube.ide.mcu.externaltools.gnu-tools-for-stm32.9-2020-q2-update.win32_1.5.0.202011040924/tools/bin/../lib/gcc/arm-none-eabi/9.3.1/../../../../arm-none-eabi/lib/thumb/v6-m/nofp\libc_nano.a
LOAD c:/st/stm32cubeide_1.6.0/stm32cubeide/plugins/com.st.stm32cube.ide.mcu.externaltools.gnu-tools-for-stm32.9-2020-q2-update.win32_1.5.0.202011040924/tools/bin/../lib/gcc/arm-none-eabi/9.3.1/../../../../arm-none-eabi/lib/thumb/v6-m/nofp\libm.a
END GROUP
START GROUP
LOAD c:/st/stm32cubeide_1.6.0/stm32cubeide/plugins/com.st.stm32cube.ide.mcu.externaltools.gnu-tools-for-stm32.9-2020-q2-update.win32_1.5.0.202011040924/tools/bin/../lib/gcc/arm-none-eabi/9.3.1/thumb/v6-m/nofp\libgcc.a
LOAD c:/st/stm32cubeide_1.6.0/stm32cubeide/plugins/com.st.stm32cube.ide.mcu.externaltools.gnu-tools-for-stm32.9-2020-q2-update.win32_1.5.0.202011040924/tools/bin/../lib/gcc/arm-none-eabi/9.3.1/../../../../arm-none-eabi/lib/thumb/v6-m/nofp\libc_nano.a
END GROUP
START GROUP
LOAD c:/st/stm32cubeide_1.6.0/stm32cubeide/plugins/com.st.stm32cube.ide.mcu.externaltools.gnu-tools-for-stm32.9-2020-q2-update.win32_1.5.0.202011040924/tools/bin/../lib/gcc/arm-none-eabi/9.3.1/thumb/v6-m/nofp\libgcc.a
LOAD c:/st/stm32cubeide_1.6.0/stm32cubeide/plugins/com.st.stm32cube.ide.mcu.externaltools.gnu-tools-for-stm32.9-2020-q2-update.win32_1.5.0.202011040924/tools/bin/../lib/gcc/arm-none-eabi/9.3.1/../../../../arm-none-eabi/lib/thumb/v6-m/nofp\libc_nano.a
LOAD c:/st/stm32cubeide_1.6.0/stm32cubeide/plugins/com.st.stm32cube.ide.mcu.externaltools.gnu-tools-for-stm32.9-2020-q2-update.win32_1.5.0.202011040924/tools/bin/../lib/gcc/arm-none-eabi/9.3.1/../../../../arm-none-eabi/lib/thumb/v6-m/nofp\libnosys.a
END GROUP
START GROUP
LOAD c:/st/stm32cubeide_1.6.0/stm32cubeide/plugins/com.st.stm32cube.ide.mcu.externaltools.gnu-tools-for-stm32.9-2020-q2-update.win32_1.5.0.202011040924/tools/bin/../lib/gcc/arm-none-eabi/9.3.1/thumb/v6-m/nofp\libgcc.a
LOAD c:/st/stm32cubeide_1.6.0/stm32cubeide/plugins/com.st.stm32cube.ide.mcu.externaltools.gnu-tools-for-stm32.9-2020-q2-update.win32_1.5.0.202011040924/tools/bin/../lib/gcc/arm-none-eabi/9.3.1/../../../../arm-none-eabi/lib/thumb/v6-m/nofp\libc_nano.a
LOAD c:/st/stm32cubeide_1.6.0/stm32cubeide/plugins/com.st.stm32cube.ide.mcu.externaltools.gnu-tools-for-stm32.9-2020-q2-update.win32_1.5.0.202011040924/tools/bin/../lib/gcc/arm-none-eabi/9.3.1/../../../../arm-none-eabi/lib/thumb/v6-m/nofp\libnosys.a
END GROUP
LOAD c:/st/stm32cubeide_1.6.0/stm32cubeide/plugins/com.st.stm32cube.ide.mcu.externaltools.gnu-tools-for-stm32.9-2020-q2-update.win32_1.5.0.202011040924/tools/bin/../lib/gcc/arm-none-eabi/9.3.1/thumb/v6-m/nofp/crtend.o
LOAD c:/st/stm32cubeide_1.6.0/stm32cubeide/plugins/com.st.stm32cube.ide.mcu.externaltools.gnu-tools-for-stm32.9-2020-q2-update.win32_1.5.0.202011040924/tools/bin/../lib/gcc/arm-none-eabi/9.3.1/thumb/v6-m/nofp/crtn.o
                0x0000000020024000                _estack = (ORIGIN (RAM) + LENGTH (RAM))
                0x0000000000000200                _Min_Heap_Size = 0x200
                0x0000000000000400                _Min_Stack_Size = 0x400

.isr_vector     0x0000000008000000       0xbc
                0x0000000008000000                . = ALIGN (0x4)
 *(.isr_vector)
 .isr_vector    0x0000000008000000       0xbc Core/Startup/startup_stm32g0b1retx.o
                0x0000000008000000                g_pfnVectors
                0x00000000080000bc                . = ALIGN (0x4)

.text           0x00000000080000bc     0x9f28
                0x00000000080000bc                . = ALIGN (0x4)
 *(.text)
 .text          0x00000000080000bc       0x48 c:/st/stm32cubeide_1.6.0/stm32cubeide/plugins/com.st.stm32cube.ide.mcu.externaltools.gnu-tools-for-stm32.9-2020-q2-update.win32_1.5.0.202011040924/tools/bin/../lib/gcc/arm-none-eabi/9.3.1/thumb/v6-m/nofp/crtbegin.o
 .text          0x0000000008000104      0x110 ../Middlewares/ST/STM32_USBPD_Library/Core/lib\USBPDCORE_NOPD_CM0PLUS_wc32.a(usbpd_cad.o)
                0x0000000008000104                USBPD_CAD_Init
                0x0000000008000158                USBPD_CAD_PortEnable
                0x0000000008000168                USBPD_CAD_Process
                0x00000000080001e8                USBPD_CAD_AssertRd
                0x00000000080001f8                USBPD_CAD_AssertRp
                0x0000000008000208                USBPD_CAD_EnterErrorRecovery
                0x0000000008000210                USBPD_CAD_GetMemoryConsumption
 .text          0x0000000008000214       0x32 ../Middlewares/ST/STM32_USBPD_Library/Core/lib\USBPDCORE_NOPD_CM0PLUS_wc32.a(usbpd_pe_lib.o)
                0x0000000008000214                USBPD_PE_SetTrace
                0x0000000008000220                USBPD_PE_CheckLIB
                0x000000000800023c                USBPD_PE_GetMemoryConsumption
                0x0000000008000244                PE_Trace_Empty
 *fill*         0x0000000008000246        0x2 
 .text          0x0000000008000248      0x114 c:/st/stm32cubeide_1.6.0/stm32cubeide/plugins/com.st.stm32cube.ide.mcu.externaltools.gnu-tools-for-stm32.9-2020-q2-update.win32_1.5.0.202011040924/tools/bin/../lib/gcc/arm-none-eabi/9.3.1/thumb/v6-m/nofp\libgcc.a(_udivsi3.o)
                0x0000000008000248                __aeabi_uidiv
                0x0000000008000248                __udivsi3
                0x0000000008000354                __aeabi_uidivmod
 .text          0x000000000800035c      0x1d4 c:/st/stm32cubeide_1.6.0/stm32cubeide/plugins/com.st.stm32cube.ide.mcu.externaltools.gnu-tools-for-stm32.9-2020-q2-update.win32_1.5.0.202011040924/tools/bin/../lib/gcc/arm-none-eabi/9.3.1/thumb/v6-m/nofp\libgcc.a(_divsi3.o)
                0x000000000800035c                __divsi3
                0x000000000800035c                __aeabi_idiv
                0x0000000008000528                __aeabi_idivmod
 .text          0x0000000008000530        0x4 c:/st/stm32cubeide_1.6.0/stm32cubeide/plugins/com.st.stm32cube.ide.mcu.externaltools.gnu-tools-for-stm32.9-2020-q2-update.win32_1.5.0.202011040924/tools/bin/../lib/gcc/arm-none-eabi/9.3.1/thumb/v6-m/nofp\libgcc.a(_dvmd_tls.o)
                0x0000000008000530                __aeabi_idiv0
                0x0000000008000530                __aeabi_ldiv0
 .text          0x0000000008000534       0x40 c:/st/stm32cubeide_1.6.0/stm32cubeide/plugins/com.st.stm32cube.ide.mcu.externaltools.gnu-tools-for-stm32.9-2020-q2-update.win32_1.5.0.202011040924/tools/bin/../lib/gcc/arm-none-eabi/9.3.1/thumb/v6-m/nofp\libgcc.a(_aeabi_uldivmod.o)
                0x0000000008000534                __aeabi_uldivmod
 .text          0x0000000008000574      0x198 c:/st/stm32cubeide_1.6.0/stm32cubeide/plugins/com.st.stm32cube.ide.mcu.externaltools.gnu-tools-for-stm32.9-2020-q2-update.win32_1.5.0.202011040924/tools/bin/../lib/gcc/arm-none-eabi/9.3.1/thumb/v6-m/nofp\libgcc.a(_udivmoddi4.o)
                0x0000000008000574                __udivmoddi4
 .text          0x000000000800070c       0x18 c:/st/stm32cubeide_1.6.0/stm32cubeide/plugins/com.st.stm32cube.ide.mcu.externaltools.gnu-tools-for-stm32.9-2020-q2-update.win32_1.5.0.202011040924/tools/bin/../lib/gcc/arm-none-eabi/9.3.1/thumb/v6-m/nofp\libgcc.a(_clzdi2.o)
                0x000000000800070c                __clzdi2
 .text          0x0000000008000724       0x3c c:/st/stm32cubeide_1.6.0/stm32cubeide/plugins/com.st.stm32cube.ide.mcu.externaltools.gnu-tools-for-stm32.9-2020-q2-update.win32_1.5.0.202011040924/tools/bin/../lib/gcc/arm-none-eabi/9.3.1/thumb/v6-m/nofp\libgcc.a(_clzsi2.o)
                0x0000000008000724                __clzsi2
 *(.text*)
 .text.__NVIC_EnableIRQ
                0x0000000008000760       0x34 Core/Src/main.o
 .text.__NVIC_SetPriority
                0x0000000008000794       0xdc Core/Src/main.o
 .text.LL_DMA_SetDataTransferDirection
                0x0000000008000870       0x4c Core/Src/main.o
 .text.LL_DMA_SetMode
                0x00000000080008bc       0x48 Core/Src/main.o
 .text.LL_DMA_SetPeriphIncMode
                0x0000000008000904       0x48 Core/Src/main.o
 .text.LL_DMA_SetMemoryIncMode
                0x000000000800094c       0x48 Core/Src/main.o
 .text.LL_DMA_SetPeriphSize
                0x0000000008000994       0x4c Core/Src/main.o
 .text.LL_DMA_SetMemorySize
                0x00000000080009e0       0x4c Core/Src/main.o
 .text.LL_DMA_SetChannelPriorityLevel
                0x0000000008000a2c       0x4c Core/Src/main.o
 .text.LL_DMA_SetPeriphRequest
                0x0000000008000a78       0x58 Core/Src/main.o
 .text.LL_APB1_GRP1_EnableClock
                0x0000000008000ad0       0x2c Core/Src/main.o
 .text.LL_IOP_GRP1_EnableClock
                0x0000000008000afc       0x2c Core/Src/main.o
 .text.main     0x0000000008000b28       0x48 Core/Src/main.o
                0x0000000008000b28                main
 .text.SystemClock_Config
                0x0000000008000b70       0xd0 Core/Src/main.o
                0x0000000008000b70                SystemClock_Config
 .text.MX_UCPD1_Init
                0x0000000008000c40      0x14c Core/Src/main.o
 .text.MX_USART2_UART_Init
                0x0000000008000d8c       0x9c Core/Src/main.o
 .text.MX_DMA_Init
                0x0000000008000e28       0x48 Core/Src/main.o
 .text.MX_GPIO_Init
                0x0000000008000e70       0xb8 Core/Src/main.o
 .text.Error_Handler
                0x0000000008000f28        0xa Core/Src/main.o
                0x0000000008000f28                Error_Handler
 *fill*         0x0000000008000f32        0x2 
 .text.HAL_MspInit
                0x0000000008000f34       0x50 Core/Src/stm32g0xx_hal_msp.o
                0x0000000008000f34                HAL_MspInit
 .text.HAL_UART_MspInit
                0x0000000008000f84       0x94 Core/Src/stm32g0xx_hal_msp.o
                0x0000000008000f84                HAL_UART_MspInit
 .text.NMI_Handler
                0x0000000008001018        0x6 Core/Src/stm32g0xx_it.o
                0x0000000008001018                NMI_Handler
 .text.HardFault_Handler
                0x000000000800101e        0x6 Core/Src/stm32g0xx_it.o
                0x000000000800101e                HardFault_Handler
 .text.SVC_Handler
                0x0000000008001024        0xa Core/Src/stm32g0xx_it.o
                0x0000000008001024                SVC_Handler
 .text.PendSV_Handler
                0x000000000800102e        0xa Core/Src/stm32g0xx_it.o
                0x000000000800102e                PendSV_Handler
 .text.SysTick_Handler
                0x0000000008001038        0xe Core/Src/stm32g0xx_it.o
                0x0000000008001038                SysTick_Handler
 *fill*         0x0000000008001046        0x2 
 .text.USB_UCPD1_2_IRQHandler
                0x0000000008001048       0x18 Core/Src/stm32g0xx_it.o
                0x0000000008001048                USB_UCPD1_2_IRQHandler
 .text.DMA1_Channel1_IRQHandler
                0x0000000008001060        0xa Core/Src/stm32g0xx_it.o
                0x0000000008001060                DMA1_Channel1_IRQHandler
 .text.DMA1_Channel2_3_IRQHandler
                0x000000000800106a        0xa Core/Src/stm32g0xx_it.o
                0x000000000800106a                DMA1_Channel2_3_IRQHandler
 .text._sbrk    0x0000000008001074       0x6c Core/Src/sysmem.o
                0x0000000008001074                _sbrk
 .text.SystemInit
                0x00000000080010e0       0x18 Core/Src/system_stm32g0xx.o
                0x00000000080010e0                SystemInit
 .text.Reset_Handler
                0x00000000080010f8       0x50 Core/Startup/startup_stm32g0b1retx.o
                0x00000000080010f8                Reset_Handler
 .text.Default_Handler
                0x0000000008001148        0x2 Core/Startup/startup_stm32g0b1retx.o
                0x0000000008001148                I2C2_3_IRQHandler
                0x0000000008001148                USART3_4_5_6_LPUART1_IRQHandler
                0x0000000008001148                TIM1_CC_IRQHandler
                0x0000000008001148                ADC1_COMP_IRQHandler
                0x0000000008001148                I2C1_IRQHandler
                0x0000000008001148                TIM7_LPTIM2_IRQHandler
                0x0000000008001148                TIM17_FDCAN_IT1_IRQHandler
                0x0000000008001148                DMA1_Ch4_7_DMA2_Ch1_5_DMAMUX1_OVR_IRQHandler
                0x0000000008001148                RCC_CRS_IRQHandler
                0x0000000008001148                RTC_TAMP_IRQHandler
                0x0000000008001148                SPI1_IRQHandler
                0x0000000008001148                EXTI2_3_IRQHandler
                0x0000000008001148                USART2_LPUART2_IRQHandler
                0x0000000008001148                PVD_VDDIO2_IRQHandler
                0x0000000008001148                EXTI4_15_IRQHandler
                0x0000000008001148                Default_Handler
                0x0000000008001148                CEC_IRQHandler
                0x0000000008001148                TIM14_IRQHandler
                0x0000000008001148                TIM15_IRQHandler
                0x0000000008001148                TIM3_TIM4_IRQHandler
                0x0000000008001148                EXTI0_1_IRQHandler
                0x0000000008001148                SPI2_3_IRQHandler
                0x0000000008001148                TIM6_DAC_LPTIM1_IRQHandler
                0x0000000008001148                WWDG_IRQHandler
                0x0000000008001148                TIM2_IRQHandler
                0x0000000008001148                FLASH_IRQHandler
                0x0000000008001148                USART1_IRQHandler
                0x0000000008001148                TIM16_FDCAN_IT0_IRQHandler
                0x0000000008001148                TIM1_BRK_UP_TRG_COM_IRQHandler
 *fill*         0x000000000800114a        0x2 
 .text.HAL_Init
                0x000000000800114c       0x40 Drivers/STM32G0xx_HAL_Driver/Src/stm32g0xx_hal.o
                0x000000000800114c                HAL_Init
 .text.HAL_InitTick
                0x000000000800118c       0x94 Drivers/STM32G0xx_HAL_Driver/Src/stm32g0xx_hal.o
                0x000000000800118c                HAL_InitTick
 .text.HAL_IncTick
                0x0000000008001220       0x24 Drivers/STM32G0xx_HAL_Driver/Src/stm32g0xx_hal.o
                0x0000000008001220                HAL_IncTick
 .text.HAL_GetTick
                0x0000000008001244       0x14 Drivers/STM32G0xx_HAL_Driver/Src/stm32g0xx_hal.o
                0x0000000008001244                HAL_GetTick
 .text.HAL_Delay
                0x0000000008001258       0x48 Drivers/STM32G0xx_HAL_Driver/Src/stm32g0xx_hal.o
                0x0000000008001258                HAL_Delay
 .text.HAL_SYSCFG_StrobeDBattpinsConfig
                0x00000000080012a0       0x2c Drivers/STM32G0xx_HAL_Driver/Src/stm32g0xx_hal.o
                0x00000000080012a0                HAL_SYSCFG_StrobeDBattpinsConfig
 .text.__NVIC_EnableIRQ
                0x00000000080012cc       0x34 Drivers/STM32G0xx_HAL_Driver/Src/stm32g0xx_hal_cortex.o
 .text.__NVIC_SetPriority
                0x0000000008001300       0xdc Drivers/STM32G0xx_HAL_Driver/Src/stm32g0xx_hal_cortex.o
 .text.SysTick_Config
                0x00000000080013dc       0x48 Drivers/STM32G0xx_HAL_Driver/Src/stm32g0xx_hal_cortex.o
 .text.HAL_NVIC_SetPriority
                0x0000000008001424       0x2a Drivers/STM32G0xx_HAL_Driver/Src/stm32g0xx_hal_cortex.o
                0x0000000008001424                HAL_NVIC_SetPriority
 .text.HAL_NVIC_EnableIRQ
                0x000000000800144e       0x20 Drivers/STM32G0xx_HAL_Driver/Src/stm32g0xx_hal_cortex.o
                0x000000000800144e                HAL_NVIC_EnableIRQ
 .text.HAL_SYSTICK_Config
                0x000000000800146e       0x1a Drivers/STM32G0xx_HAL_Driver/Src/stm32g0xx_hal_cortex.o
                0x000000000800146e                HAL_SYSTICK_Config
 .text.HAL_GPIO_Init
                0x0000000008001488      0x2d8 Drivers/STM32G0xx_HAL_Driver/Src/stm32g0xx_hal_gpio.o
                0x0000000008001488                HAL_GPIO_Init
 .text.HAL_GPIO_WritePin
                0x0000000008001760       0x3a Drivers/STM32G0xx_HAL_Driver/Src/stm32g0xx_hal_gpio.o
                0x0000000008001760                HAL_GPIO_WritePin
 *fill*         0x000000000800179a        0x2 
 .text.HAL_PCD_Init
                0x000000000800179c      0x22c Drivers/STM32G0xx_HAL_Driver/Src/stm32g0xx_hal_pcd.o
                0x000000000800179c                HAL_PCD_Init
 .text.HAL_PCD_Start
                0x00000000080019c8       0x4a Drivers/STM32G0xx_HAL_Driver/Src/stm32g0xx_hal_pcd.o
                0x00000000080019c8                HAL_PCD_Start
 *fill*         0x0000000008001a12        0x2 
 .text.HAL_PCD_IRQHandler
                0x0000000008001a14      0x288 Drivers/STM32G0xx_HAL_Driver/Src/stm32g0xx_hal_pcd.o
                0x0000000008001a14                HAL_PCD_IRQHandler
 .text.HAL_PCD_SetAddress
                0x0000000008001c9c       0x56 Drivers/STM32G0xx_HAL_Driver/Src/stm32g0xx_hal_pcd.o
                0x0000000008001c9c                HAL_PCD_SetAddress
 .text.HAL_PCD_EP_Open
                0x0000000008001cf2       0xf0 Drivers/STM32G0xx_HAL_Driver/Src/stm32g0xx_hal_pcd.o
                0x0000000008001cf2                HAL_PCD_EP_Open
 .text.HAL_PCD_EP_Close
                0x0000000008001de2       0xa2 Drivers/STM32G0xx_HAL_Driver/Src/stm32g0xx_hal_pcd.o
                0x0000000008001de2                HAL_PCD_EP_Close
 .text.HAL_PCD_EP_Receive
                0x0000000008001e84       0x88 Drivers/STM32G0xx_HAL_Driver/Src/stm32g0xx_hal_pcd.o
                0x0000000008001e84                HAL_PCD_EP_Receive
 .text.HAL_PCD_EP_GetRxCount
                0x0000000008001f0c       0x32 Drivers/STM32G0xx_HAL_Driver/Src/stm32g0xx_hal_pcd.o
                0x0000000008001f0c                HAL_PCD_EP_GetRxCount
 .text.HAL_PCD_EP_Transmit
                0x0000000008001f3e       0x92 Drivers/STM32G0xx_HAL_Driver/Src/stm32g0xx_hal_pcd.o
                0x0000000008001f3e                HAL_PCD_EP_Transmit
 .text.HAL_PCD_EP_SetStall
                0x0000000008001fd0       0xb8 Drivers/STM32G0xx_HAL_Driver/Src/stm32g0xx_hal_pcd.o
                0x0000000008001fd0                HAL_PCD_EP_SetStall
 .text.HAL_PCD_EP_ClrStall
                0x0000000008002088       0xbc Drivers/STM32G0xx_HAL_Driver/Src/stm32g0xx_hal_pcd.o
                0x0000000008002088                HAL_PCD_EP_ClrStall
 .text.PCD_EP_ISR_Handler
                0x0000000008002144      0x584 Drivers/STM32G0xx_HAL_Driver/Src/stm32g0xx_hal_pcd.o
 .text.HAL_PCD_EP_DB_Receive
                0x00000000080026c8      0x1e0 Drivers/STM32G0xx_HAL_Driver/Src/stm32g0xx_hal_pcd.o
 .text.HAL_PCD_EP_DB_Transmit
                0x00000000080028a8      0x5a4 Drivers/STM32G0xx_HAL_Driver/Src/stm32g0xx_hal_pcd.o
 .text.HAL_PCDEx_PMAConfig
                0x0000000008002e4c       0x9c Drivers/STM32G0xx_HAL_Driver/Src/stm32g0xx_hal_pcd_ex.o
                0x0000000008002e4c                HAL_PCDEx_PMAConfig
 .text.HAL_PCDEx_ActivateLPM
                0x0000000008002ee8       0x44 Drivers/STM32G0xx_HAL_Driver/Src/stm32g0xx_hal_pcd_ex.o
                0x0000000008002ee8                HAL_PCDEx_ActivateLPM
 .text.HAL_PWREx_ControlVoltageScaling
                0x0000000008002f2c       0x80 Drivers/STM32G0xx_HAL_Driver/Src/stm32g0xx_hal_pwr_ex.o
                0x0000000008002f2c                HAL_PWREx_ControlVoltageScaling
 .text.LL_RCC_GetAPB1Prescaler
                0x0000000008002fac       0x18 Drivers/STM32G0xx_HAL_Driver/Src/stm32g0xx_hal_rcc.o
 .text.HAL_RCC_OscConfig
                0x0000000008002fc4      0x6cc Drivers/STM32G0xx_HAL_Driver/Src/stm32g0xx_hal_rcc.o
                0x0000000008002fc4                HAL_RCC_OscConfig
 .text.HAL_RCC_ClockConfig
                0x0000000008003690      0x210 Drivers/STM32G0xx_HAL_Driver/Src/stm32g0xx_hal_rcc.o
                0x0000000008003690                HAL_RCC_ClockConfig
 .text.HAL_RCC_GetSysClockFreq
                0x00000000080038a0      0x104 Drivers/STM32G0xx_HAL_Driver/Src/stm32g0xx_hal_rcc.o
                0x00000000080038a0                HAL_RCC_GetSysClockFreq
 .text.HAL_RCC_GetHCLKFreq
                0x00000000080039a4       0x14 Drivers/STM32G0xx_HAL_Driver/Src/stm32g0xx_hal_rcc.o
                0x00000000080039a4                HAL_RCC_GetHCLKFreq
 .text.HAL_RCC_GetPCLK1Freq
                0x00000000080039b8       0x2c Drivers/STM32G0xx_HAL_Driver/Src/stm32g0xx_hal_rcc.o
                0x00000000080039b8                HAL_RCC_GetPCLK1Freq
 .text.HAL_RCCEx_PeriphCLKConfig
                0x00000000080039e4      0x478 Drivers/STM32G0xx_HAL_Driver/Src/stm32g0xx_hal_rcc_ex.o
                0x00000000080039e4                HAL_RCCEx_PeriphCLKConfig
 .text.HAL_UART_Init
                0x0000000008003e5c       0xac Drivers/STM32G0xx_HAL_Driver/Src/stm32g0xx_hal_uart.o
                0x0000000008003e5c                HAL_UART_Init
 .text.UART_SetConfig
                0x0000000008003f08      0x70c Drivers/STM32G0xx_HAL_Driver/Src/stm32g0xx_hal_uart.o
                0x0000000008003f08                UART_SetConfig
 .text.UART_AdvFeatureConfig
                0x0000000008004614      0x168 Drivers/STM32G0xx_HAL_Driver/Src/stm32g0xx_hal_uart.o
                0x0000000008004614                UART_AdvFeatureConfig
 .text.UART_CheckIdleState
                0x000000000800477c       0x94 Drivers/STM32G0xx_HAL_Driver/Src/stm32g0xx_hal_uart.o
                0x000000000800477c                UART_CheckIdleState
 .text.UART_WaitOnFlagUntilTimeout
                0x0000000008004810      0x104 Drivers/STM32G0xx_HAL_Driver/Src/stm32g0xx_hal_uart.o
                0x0000000008004810                UART_WaitOnFlagUntilTimeout
 .text.HAL_UARTEx_DisableFifoMode
                0x0000000008004914       0x74 Drivers/STM32G0xx_HAL_Driver/Src/stm32g0xx_hal_uart_ex.o
                0x0000000008004914                HAL_UARTEx_DisableFifoMode
 .text.HAL_UARTEx_SetTxFifoThreshold
                0x0000000008004988       0x7e Drivers/STM32G0xx_HAL_Driver/Src/stm32g0xx_hal_uart_ex.o
                0x0000000008004988                HAL_UARTEx_SetTxFifoThreshold
 *fill*         0x0000000008004a06        0x2 
 .text.HAL_UARTEx_SetRxFifoThreshold
                0x0000000008004a08       0x84 Drivers/STM32G0xx_HAL_Driver/Src/stm32g0xx_hal_uart_ex.o
                0x0000000008004a08                HAL_UARTEx_SetRxFifoThreshold
 .text.UARTEx_SetNbDataToProcess
                0x0000000008004a8c       0xd4 Drivers/STM32G0xx_HAL_Driver/Src/stm32g0xx_hal_uart_ex.o
 .text.LL_GPIO_SetPinMode
                0x0000000008004b60       0x38 Drivers/STM32G0xx_HAL_Driver/Src/stm32g0xx_ll_gpio.o
 .text.LL_GPIO_SetPinOutputType
                0x0000000008004b98       0x2a Drivers/STM32G0xx_HAL_Driver/Src/stm32g0xx_ll_gpio.o
 .text.LL_GPIO_SetPinSpeed
                0x0000000008004bc2       0x38 Drivers/STM32G0xx_HAL_Driver/Src/stm32g0xx_ll_gpio.o
 .text.LL_GPIO_SetPinPull
                0x0000000008004bfa       0x38 Drivers/STM32G0xx_HAL_Driver/Src/stm32g0xx_ll_gpio.o
 .text.LL_GPIO_SetAFPin_0_7
                0x0000000008004c32       0x46 Drivers/STM32G0xx_HAL_Driver/Src/stm32g0xx_ll_gpio.o
 .text.LL_GPIO_SetAFPin_8_15
                0x0000000008004c78       0x5a Drivers/STM32G0xx_HAL_Driver/Src/stm32g0xx_ll_gpio.o
 .text.LL_GPIO_Init
                0x0000000008004cd2       0xb6 Drivers/STM32G0xx_HAL_Driver/Src/stm32g0xx_ll_gpio.o
                0x0000000008004cd2                LL_GPIO_Init
 .text.LL_UCPD_Disable
                0x0000000008004d88       0x1c Drivers/STM32G0xx_HAL_Driver/Src/stm32g0xx_ll_ucpd.o
 .text.LL_APB1_GRP1_EnableClock
                0x0000000008004da4       0x2c Drivers/STM32G0xx_HAL_Driver/Src/stm32g0xx_ll_ucpd.o
 .text.LL_UCPD_Init
                0x0000000008004dd0       0x74 Drivers/STM32G0xx_HAL_Driver/Src/stm32g0xx_ll_ucpd.o
                0x0000000008004dd0                LL_UCPD_Init
 .text.LL_UCPD_StructInit
                0x0000000008004e44       0x2a Drivers/STM32G0xx_HAL_Driver/Src/stm32g0xx_ll_ucpd.o
                0x0000000008004e44                LL_UCPD_StructInit
 *fill*         0x0000000008004e6e        0x2 
 .text.USB_EnableGlobalInt
                0x0000000008004e70       0x28 Drivers/STM32G0xx_HAL_Driver/Src/stm32g0xx_ll_usb.o
                0x0000000008004e70                USB_EnableGlobalInt
 .text.USB_DisableGlobalInt
                0x0000000008004e98       0x28 Drivers/STM32G0xx_HAL_Driver/Src/stm32g0xx_ll_usb.o
                0x0000000008004e98                USB_DisableGlobalInt
 .text.USB_SetCurrentMode
                0x0000000008004ec0       0x3c Drivers/STM32G0xx_HAL_Driver/Src/stm32g0xx_ll_usb.o
                0x0000000008004ec0                USB_SetCurrentMode
 .text.USB_DevInit
                0x0000000008004efc       0x5c Drivers/STM32G0xx_HAL_Driver/Src/stm32g0xx_ll_usb.o
                0x0000000008004efc                USB_DevInit
 .text.USB_ActivateEndpoint
                0x0000000008004f58      0x620 Drivers/STM32G0xx_HAL_Driver/Src/stm32g0xx_ll_usb.o
                0x0000000008004f58                USB_ActivateEndpoint
 .text.USB_DeactivateEndpoint
                0x0000000008005578      0x2cc Drivers/STM32G0xx_HAL_Driver/Src/stm32g0xx_ll_usb.o
                0x0000000008005578                USB_DeactivateEndpoint
 .text.USB_EPStartXfer
                0x0000000008005844     0x11f0 Drivers/STM32G0xx_HAL_Driver/Src/stm32g0xx_ll_usb.o
                0x0000000008005844                USB_EPStartXfer
 .text.USB_EPSetStall
                0x0000000008006a34       0x84 Drivers/STM32G0xx_HAL_Driver/Src/stm32g0xx_ll_usb.o
                0x0000000008006a34                USB_EPSetStall
 .text.USB_EPClearStall
                0x0000000008006ab8      0x124 Drivers/STM32G0xx_HAL_Driver/Src/stm32g0xx_ll_usb.o
                0x0000000008006ab8                USB_EPClearStall
 .text.USB_SetDevAddress
                0x0000000008006bdc       0x26 Drivers/STM32G0xx_HAL_Driver/Src/stm32g0xx_ll_usb.o
                0x0000000008006bdc                USB_SetDevAddress
 .text.USB_DevConnect
                0x0000000008006c02       0x20 Drivers/STM32G0xx_HAL_Driver/Src/stm32g0xx_ll_usb.o
                0x0000000008006c02                USB_DevConnect
 .text.USB_ReadInterrupts
                0x0000000008006c22       0x18 Drivers/STM32G0xx_HAL_Driver/Src/stm32g0xx_ll_usb.o
                0x0000000008006c22                USB_ReadInterrupts
 *fill*         0x0000000008006c3a        0x2 
 .text.USB_WritePMA
                0x0000000008006c3c       0xf0 Drivers/STM32G0xx_HAL_Driver/Src/stm32g0xx_ll_usb.o
                0x0000000008006c3c                USB_WritePMA
 .text.USB_ReadPMA
                0x0000000008006d2c      0x124 Drivers/STM32G0xx_HAL_Driver/Src/stm32g0xx_ll_usb.o
                0x0000000008006d2c                USB_ReadPMA
 .text.LL_UCPD_Enable
                0x0000000008006e50       0x1e Middlewares/ST/STM32_USBPD_Library/Devices/STM32G0XX/src/usbpd_cad_hw_if.o
 *fill*         0x0000000008006e6e        0x2 
 .text.LL_UCPD_SetRxOrderSet
                0x0000000008006e70       0x28 Middlewares/ST/STM32_USBPD_Library/Devices/STM32G0XX/src/usbpd_cad_hw_if.o
 .text.LL_UCPD_SetccEnable
                0x0000000008006e98       0x28 Middlewares/ST/STM32_USBPD_Library/Devices/STM32G0XX/src/usbpd_cad_hw_if.o
 .text.CAD_Init
                0x0000000008006ec0      0x180 Middlewares/ST/STM32_USBPD_Library/Devices/STM32G0XX/src/usbpd_cad_hw_if.o
                0x0000000008006ec0                CAD_Init
 .text.CAD_Enter_ErrorRecovery
                0x0000000008007040       0x54 Middlewares/ST/STM32_USBPD_Library/Devices/STM32G0XX/src/usbpd_cad_hw_if.o
                0x0000000008007040                CAD_Enter_ErrorRecovery
 .text.CAD_StateMachine
                0x0000000008007094       0x1e Middlewares/ST/STM32_USBPD_Library/Devices/STM32G0XX/src/usbpd_cad_hw_if.o
                0x0000000008007094                CAD_StateMachine
 *fill*         0x00000000080070b2        0x2 
 .text.USBPD_HW_GetUSPDInstance
                0x00000000080070b4       0x1c Middlewares/ST/STM32_USBPD_Library/Devices/STM32G0XX/src/usbpd_hw.o
                0x00000000080070b4                USBPD_HW_GetUSPDInstance
 .text.LL_AHB1_GRP1_EnableClock
                0x00000000080070d0       0x2c Middlewares/ST/STM32_USBPD_Library/Devices/STM32G0XX/src/usbpd_phy_hw_if.o
 .text.LL_APB1_GRP1_EnableClock
                0x00000000080070fc       0x2c Middlewares/ST/STM32_USBPD_Library/Devices/STM32G0XX/src/usbpd_phy_hw_if.o
 .text.LL_APB2_GRP1_EnableClock
                0x0000000008007128       0x2c Middlewares/ST/STM32_USBPD_Library/Devices/STM32G0XX/src/usbpd_phy_hw_if.o
 .text.LL_UCPD_TypeCDetectionCC2Enable
                0x0000000008007154       0x20 Middlewares/ST/STM32_USBPD_Library/Devices/STM32G0XX/src/usbpd_phy_hw_if.o
 .text.LL_UCPD_TypeCDetectionCC2Disable
                0x0000000008007174       0x1e Middlewares/ST/STM32_USBPD_Library/Devices/STM32G0XX/src/usbpd_phy_hw_if.o
 *fill*         0x0000000008007192        0x2 
 .text.LL_UCPD_TypeCDetectionCC1Enable
                0x0000000008007194       0x20 Middlewares/ST/STM32_USBPD_Library/Devices/STM32G0XX/src/usbpd_phy_hw_if.o
 .text.LL_UCPD_TypeCDetectionCC1Disable
                0x00000000080071b4       0x1e Middlewares/ST/STM32_USBPD_Library/Devices/STM32G0XX/src/usbpd_phy_hw_if.o
 *fill*         0x00000000080071d2        0x2 
 .text.LL_UCPD_SetccEnable
                0x00000000080071d4       0x28 Middlewares/ST/STM32_USBPD_Library/Devices/STM32G0XX/src/usbpd_phy_hw_if.o
 .text.LL_UCPD_SetSNKRole
                0x00000000080071fc       0x1e Middlewares/ST/STM32_USBPD_Library/Devices/STM32G0XX/src/usbpd_phy_hw_if.o
 *fill*         0x000000000800721a        0x2 
 .text.LL_UCPD_SetSRCRole
                0x000000000800721c       0x20 Middlewares/ST/STM32_USBPD_Library/Devices/STM32G0XX/src/usbpd_phy_hw_if.o
 .text.LL_UCPD_SetRpResistor
                0x000000000800723c       0x28 Middlewares/ST/STM32_USBPD_Library/Devices/STM32G0XX/src/usbpd_phy_hw_if.o
 .text.LL_UCPD_RxDisable
                0x0000000008007264       0x1e Middlewares/ST/STM32_USBPD_Library/Devices/STM32G0XX/src/usbpd_phy_hw_if.o
 .text.USBPD_HW_IF_GlobalHwInit
                0x0000000008007282       0x1e Middlewares/ST/STM32_USBPD_Library/Devices/STM32G0XX/src/usbpd_phy_hw_if.o
                0x0000000008007282                USBPD_HW_IF_GlobalHwInit
 .text.USBPDM1_AssertRp
                0x00000000080072a0      0x170 Middlewares/ST/STM32_USBPD_Library/Devices/STM32G0XX/src/usbpd_phy_hw_if.o
                0x00000000080072a0                USBPDM1_AssertRp
 .text.USBPDM1_DeAssertRp
                0x0000000008007410       0x14 Middlewares/ST/STM32_USBPD_Library/Devices/STM32G0XX/src/usbpd_phy_hw_if.o
                0x0000000008007410                USBPDM1_DeAssertRp
 .text.USBPDM1_AssertRd
                0x0000000008007424      0x14c Middlewares/ST/STM32_USBPD_Library/Devices/STM32G0XX/src/usbpd_phy_hw_if.o
                0x0000000008007424                USBPDM1_AssertRd
 .text.USBPDM1_DeAssertRd
                0x0000000008007570       0x14 Middlewares/ST/STM32_USBPD_Library/Devices/STM32G0XX/src/usbpd_phy_hw_if.o
                0x0000000008007570                USBPDM1_DeAssertRd
 .text.USBPDM1_EnterErrorRecovery
                0x0000000008007584       0xac Middlewares/ST/STM32_USBPD_Library/Devices/STM32G0XX/src/usbpd_phy_hw_if.o
                0x0000000008007584                USBPDM1_EnterErrorRecovery
 .text.USBD_CDC_Init
                0x0000000008007630      0x116 Middlewares/ST/STM32_USB_Device_Library/Class/CDC/Src/usbd_cdc.o
 .text.USBD_CDC_DeInit
                0x0000000008007746       0x86 Middlewares/ST/STM32_USB_Device_Library/Class/CDC/Src/usbd_cdc.o
 .text.USBD_CDC_Setup
                0x00000000080077cc      0x1c0 Middlewares/ST/STM32_USB_Device_Library/Class/CDC/Src/usbd_cdc.o
 .text.USBD_CDC_DataIn
                0x000000000800798c       0xe6 Middlewares/ST/STM32_USB_Device_Library/Class/CDC/Src/usbd_cdc.o
 .text.USBD_CDC_DataOut
                0x0000000008007a72       0x6a Middlewares/ST/STM32_USB_Device_Library/Class/CDC/Src/usbd_cdc.o
 .text.USBD_CDC_EP0_RxReady
                0x0000000008007adc       0x6c Middlewares/ST/STM32_USB_Device_Library/Class/CDC/Src/usbd_cdc.o
 .text.USBD_CDC_GetFSCfgDesc
                0x0000000008007b48       0x1c Middlewares/ST/STM32_USB_Device_Library/Class/CDC/Src/usbd_cdc.o
 .text.USBD_CDC_GetHSCfgDesc
                0x0000000008007b64       0x1c Middlewares/ST/STM32_USB_Device_Library/Class/CDC/Src/usbd_cdc.o
 .text.USBD_CDC_GetOtherSpeedCfgDesc
                0x0000000008007b80       0x1c Middlewares/ST/STM32_USB_Device_Library/Class/CDC/Src/usbd_cdc.o
 .text.USBD_CDC_GetDeviceQualifierDescriptor
                0x0000000008007b9c       0x1c Middlewares/ST/STM32_USB_Device_Library/Class/CDC/Src/usbd_cdc.o
                0x0000000008007b9c                USBD_CDC_GetDeviceQualifierDescriptor
 .text.USBD_CDC_RegisterInterface
                0x0000000008007bb8       0x28 Middlewares/ST/STM32_USB_Device_Library/Class/CDC/Src/usbd_cdc.o
                0x0000000008007bb8                USBD_CDC_RegisterInterface
 .text.USBD_CDC_SetTxBuffer
                0x0000000008007be0       0x3e Middlewares/ST/STM32_USB_Device_Library/Class/CDC/Src/usbd_cdc.o
                0x0000000008007be0                USBD_CDC_SetTxBuffer
 .text.USBD_CDC_SetRxBuffer
                0x0000000008007c1e       0x32 Middlewares/ST/STM32_USB_Device_Library/Class/CDC/Src/usbd_cdc.o
                0x0000000008007c1e                USBD_CDC_SetRxBuffer
 .text.USBD_CDC_TransmitPacket
                0x0000000008007c50       0x7c Middlewares/ST/STM32_USB_Device_Library/Class/CDC/Src/usbd_cdc.o
                0x0000000008007c50                USBD_CDC_TransmitPacket
 .text.USBD_CDC_ReceivePacket
                0x0000000008007ccc       0x5c Middlewares/ST/STM32_USB_Device_Library/Class/CDC/Src/usbd_cdc.o
                0x0000000008007ccc                USBD_CDC_ReceivePacket
 .text.USBD_Init
                0x0000000008007d28       0x74 Middlewares/ST/STM32_USB_Device_Library/Core/Src/usbd_core.o
                0x0000000008007d28                USBD_Init
 .text.USBD_RegisterClass
                0x0000000008007d9c       0x5a Middlewares/ST/STM32_USB_Device_Library/Core/Src/usbd_core.o
                0x0000000008007d9c                USBD_RegisterClass
 .text.USBD_Start
                0x0000000008007df6       0x1a Middlewares/ST/STM32_USB_Device_Library/Core/Src/usbd_core.o
                0x0000000008007df6                USBD_Start
 .text.USBD_RunTestMode
                0x0000000008007e10       0x12 Middlewares/ST/STM32_USB_Device_Library/Core/Src/usbd_core.o
                0x0000000008007e10                USBD_RunTestMode
 .text.USBD_SetClassConfig
                0x0000000008007e22       0x4a Middlewares/ST/STM32_USB_Device_Library/Core/Src/usbd_core.o
                0x0000000008007e22                USBD_SetClassConfig
 .text.USBD_ClrClassConfig
                0x0000000008007e6c       0x38 Middlewares/ST/STM32_USB_Device_Library/Core/Src/usbd_core.o
                0x0000000008007e6c                USBD_ClrClassConfig
 .text.USBD_LL_SetupStage
                0x0000000008007ea4       0xd4 Middlewares/ST/STM32_USB_Device_Library/Core/Src/usbd_core.o
                0x0000000008007ea4                USBD_LL_SetupStage
 .text.USBD_LL_DataOutStage
                0x0000000008007f78       0xec Middlewares/ST/STM32_USB_Device_Library/Core/Src/usbd_core.o
                0x0000000008007f78                USBD_LL_DataOutStage
 .text.USBD_LL_DataInStage
                0x0000000008008064      0x160 Middlewares/ST/STM32_USB_Device_Library/Core/Src/usbd_core.o
                0x0000000008008064                USBD_LL_DataInStage
 .text.USBD_LL_Reset
                0x00000000080081c4       0xae Middlewares/ST/STM32_USB_Device_Library/Core/Src/usbd_core.o
                0x00000000080081c4                USBD_LL_Reset
 .text.USBD_LL_SetSpeed
                0x0000000008008272       0x20 Middlewares/ST/STM32_USB_Device_Library/Core/Src/usbd_core.o
                0x0000000008008272                USBD_LL_SetSpeed
 *fill*         0x0000000008008292        0x2 
 .text.USBD_LL_Suspend
                0x0000000008008294       0x30 Middlewares/ST/STM32_USB_Device_Library/Core/Src/usbd_core.o
                0x0000000008008294                USBD_LL_Suspend
 .text.USBD_LL_Resume
                0x00000000080082c4       0x34 Middlewares/ST/STM32_USB_Device_Library/Core/Src/usbd_core.o
                0x00000000080082c4                USBD_LL_Resume
 .text.USBD_LL_SOF
                0x00000000080082f8       0x4e Middlewares/ST/STM32_USB_Device_Library/Core/Src/usbd_core.o
                0x00000000080082f8                USBD_LL_SOF
 .text.SWAPBYTE
                0x0000000008008346       0x4a Middlewares/ST/STM32_USB_Device_Library/Core/Src/usbd_ctlreq.o
 .text.USBD_StdDevReq
                0x0000000008008390       0xf4 Middlewares/ST/STM32_USB_Device_Library/Core/Src/usbd_ctlreq.o
                0x0000000008008390                USBD_StdDevReq
 .text.USBD_StdItfReq
                0x0000000008008484       0xb4 Middlewares/ST/STM32_USB_Device_Library/Core/Src/usbd_ctlreq.o
                0x0000000008008484                USBD_StdItfReq
 .text.USBD_StdEPReq
                0x0000000008008538      0x36a Middlewares/ST/STM32_USB_Device_Library/Core/Src/usbd_ctlreq.o
                0x0000000008008538                USBD_StdEPReq
 *fill*         0x00000000080088a2        0x2 
 .text.USBD_GetDescriptor
                0x00000000080088a4      0x3b4 Middlewares/ST/STM32_USB_Device_Library/Core/Src/usbd_ctlreq.o
 .text.USBD_SetAddress
                0x0000000008008c58       0xac Middlewares/ST/STM32_USB_Device_Library/Core/Src/usbd_ctlreq.o
 .text.USBD_SetConfig
                0x0000000008008d04      0x190 Middlewares/ST/STM32_USB_Device_Library/Core/Src/usbd_ctlreq.o
 .text.USBD_GetConfig
                0x0000000008008e94       0x78 Middlewares/ST/STM32_USB_Device_Library/Core/Src/usbd_ctlreq.o
 .text.USBD_GetStatus
                0x0000000008008f0c       0x76 Middlewares/ST/STM32_USB_Device_Library/Core/Src/usbd_ctlreq.o
 .text.USBD_SetFeature
                0x0000000008008f82       0x2c Middlewares/ST/STM32_USB_Device_Library/Core/Src/usbd_ctlreq.o
 .text.USBD_ClrFeature
                0x0000000008008fae       0x4e Middlewares/ST/STM32_USB_Device_Library/Core/Src/usbd_ctlreq.o
 .text.USBD_ParseSetupRequest
                0x0000000008008ffc       0x7a Middlewares/ST/STM32_USB_Device_Library/Core/Src/usbd_ctlreq.o
                0x0000000008008ffc                USBD_ParseSetupRequest
 .text.USBD_CtlError
                0x0000000008009076       0x26 Middlewares/ST/STM32_USB_Device_Library/Core/Src/usbd_ctlreq.o
                0x0000000008009076                USBD_CtlError
 .text.USBD_GetString
                0x000000000800909c       0xac Middlewares/ST/STM32_USB_Device_Library/Core/Src/usbd_ctlreq.o
                0x000000000800909c                USBD_GetString
 .text.USBD_GetLen
                0x0000000008009148       0x3e Middlewares/ST/STM32_USB_Device_Library/Core/Src/usbd_ctlreq.o
 .text.USBD_CtlSendData
                0x0000000008009186       0x38 Middlewares/ST/STM32_USB_Device_Library/Core/Src/usbd_ioreq.o
                0x0000000008009186                USBD_CtlSendData
 .text.USBD_CtlContinueSendData
                0x00000000080091be       0x22 Middlewares/ST/STM32_USB_Device_Library/Core/Src/usbd_ioreq.o
                0x00000000080091be                USBD_CtlContinueSendData
 .text.USBD_CtlPrepareRx
                0x00000000080091e0       0x40 Middlewares/ST/STM32_USB_Device_Library/Core/Src/usbd_ioreq.o
                0x00000000080091e0                USBD_CtlPrepareRx
 .text.USBD_CtlContinueRx
                0x0000000008009220       0x22 Middlewares/ST/STM32_USB_Device_Library/Core/Src/usbd_ioreq.o
                0x0000000008009220                USBD_CtlContinueRx
 .text.USBD_CtlSendStatus
                0x0000000008009242       0x28 Middlewares/ST/STM32_USB_Device_Library/Core/Src/usbd_ioreq.o
                0x0000000008009242                USBD_CtlSendStatus
 .text.USBD_CtlReceiveStatus
                0x000000000800926a       0x28 Middlewares/ST/STM32_USB_Device_Library/Core/Src/usbd_ioreq.o
                0x000000000800926a                USBD_CtlReceiveStatus
 .text.MX_USBPD_Init
                0x0000000008009292       0x22 USBPD/App/usbpd.o
                0x0000000008009292                MX_USBPD_Init
 .text.USBPD_DPM_InitCore
                0x00000000080092b4       0x74 USBPD/usbpd_dpm_core.o
                0x00000000080092b4                USBPD_DPM_InitCore
 .text.USBPD_DPM_InitOS
                0x0000000008009328        0xc USBPD/usbpd_dpm_core.o
                0x0000000008009328                USBPD_DPM_InitOS
 .text.MX_USB_Device_Init
                0x0000000008009334       0x68 USB_Device/App/usb_device.o
                0x0000000008009334                MX_USB_Device_Init
 .text.CDC_Init_FS
                0x000000000800939c       0x30 USB_Device/App/usbd_cdc_if.o
 .text.CDC_DeInit_FS
                0x00000000080093cc        0xc USB_Device/App/usbd_cdc_if.o
 .text.CDC_Control_FS
                0x00000000080093d8       0x38 USB_Device/App/usbd_cdc_if.o
 .text.CDC_Receive_FS
                0x0000000008009410       0x2c USB_Device/App/usbd_cdc_if.o
 .text.CDC_Transmit_FS
                0x000000000800943c       0x60 USB_Device/App/usbd_cdc_if.o
                0x000000000800943c                CDC_Transmit_FS
 .text.CDC_TransmitCplt_FS
                0x000000000800949c       0x24 USB_Device/App/usbd_cdc_if.o
 .text.USBD_CDC_DeviceDescriptor
                0x00000000080094c0       0x24 USB_Device/App/usbd_desc.o
                0x00000000080094c0                USBD_CDC_DeviceDescriptor
 .text.USBD_CDC_LangIDStrDescriptor
                0x00000000080094e4       0x24 USB_Device/App/usbd_desc.o
                0x00000000080094e4                USBD_CDC_LangIDStrDescriptor
 .text.USBD_CDC_ProductStrDescriptor
                0x0000000008009508       0x44 USB_Device/App/usbd_desc.o
                0x0000000008009508                USBD_CDC_ProductStrDescriptor
 .text.USBD_CDC_ManufacturerStrDescriptor
                0x000000000800954c       0x2c USB_Device/App/usbd_desc.o
                0x000000000800954c                USBD_CDC_ManufacturerStrDescriptor
 .text.USBD_CDC_SerialStrDescriptor
                0x0000000008009578       0x28 USB_Device/App/usbd_desc.o
                0x0000000008009578                USBD_CDC_SerialStrDescriptor
 .text.USBD_CDC_ConfigStrDescriptor
                0x00000000080095a0       0x44 USB_Device/App/usbd_desc.o
                0x00000000080095a0                USBD_CDC_ConfigStrDescriptor
 .text.USBD_CDC_InterfaceStrDescriptor
                0x00000000080095e4       0x44 USB_Device/App/usbd_desc.o
                0x00000000080095e4                USBD_CDC_InterfaceStrDescriptor
 .text.Get_SerialNum
                0x0000000008009628       0x5c USB_Device/App/usbd_desc.o
 .text.IntToUnicode
                0x0000000008009684       0x96 USB_Device/App/usbd_desc.o
 *fill*         0x000000000800971a        0x2 
 .text.HAL_PCD_MspInit
                0x000000000800971c       0x50 USB_Device/Target/usbd_conf.o
                0x000000000800971c                HAL_PCD_MspInit
 .text.HAL_PCD_SetupStageCallback
                0x000000000800976c       0x2a USB_Device/Target/usbd_conf.o
                0x000000000800976c                HAL_PCD_SetupStageCallback
 .text.HAL_PCD_DataOutStageCallback
                0x0000000008009796       0x42 USB_Device/Target/usbd_conf.o
                0x0000000008009796                HAL_PCD_DataOutStageCallback
 .text.HAL_PCD_DataInStageCallback
                0x00000000080097d8       0x3c USB_Device/Target/usbd_conf.o
                0x00000000080097d8                HAL_PCD_DataInStageCallback
 .text.HAL_PCD_SOFCallback
                0x0000000008009814       0x1e USB_Device/Target/usbd_conf.o
                0x0000000008009814                HAL_PCD_SOFCallback
 .text.HAL_PCD_ResetCallback
                0x0000000008009832       0x4c USB_Device/Target/usbd_conf.o
                0x0000000008009832                HAL_PCD_ResetCallback
 *fill*         0x000000000800987e        0x2 
 .text.HAL_PCD_SuspendCallback
                0x0000000008009880       0x38 USB_Device/Target/usbd_conf.o
                0x0000000008009880                HAL_PCD_SuspendCallback
 .text.HAL_PCD_ResumeCallback
                0x00000000080098b8       0x3c USB_Device/Target/usbd_conf.o
                0x00000000080098b8                HAL_PCD_ResumeCallback
 .text.USBD_LL_Init
                0x00000000080098f4       0xe4 USB_Device/Target/usbd_conf.o
                0x00000000080098f4                USBD_LL_Init
 .text.USBD_LL_Start
                0x00000000080099d8       0x4a USB_Device/Target/usbd_conf.o
                0x00000000080099d8                USBD_LL_Start
 .text.USBD_LL_OpenEP
                0x0000000008009a22       0x6e USB_Device/Target/usbd_conf.o
                0x0000000008009a22                USBD_LL_OpenEP
 .text.USBD_LL_CloseEP
                0x0000000008009a90       0x56 USB_Device/Target/usbd_conf.o
                0x0000000008009a90                USBD_LL_CloseEP
 .text.USBD_LL_StallEP
                0x0000000008009ae6       0x56 USB_Device/Target/usbd_conf.o
                0x0000000008009ae6                USBD_LL_StallEP
 .text.USBD_LL_ClearStallEP
                0x0000000008009b3c       0x56 USB_Device/Target/usbd_conf.o
                0x0000000008009b3c                USBD_LL_ClearStallEP
 .text.USBD_LL_IsStallEP
                0x0000000008009b92       0x62 USB_Device/Target/usbd_conf.o
                0x0000000008009b92                USBD_LL_IsStallEP
 .text.USBD_LL_SetUSBAddress
                0x0000000008009bf4       0x56 USB_Device/Target/usbd_conf.o
                0x0000000008009bf4                USBD_LL_SetUSBAddress
 .text.USBD_LL_Transmit
                0x0000000008009c4a       0x60 USB_Device/Target/usbd_conf.o
                0x0000000008009c4a                USBD_LL_Transmit
 .text.USBD_LL_PrepareReceive
                0x0000000008009caa       0x60 USB_Device/Target/usbd_conf.o
                0x0000000008009caa                USBD_LL_PrepareReceive
 .text.USBD_LL_GetRxDataSize
                0x0000000008009d0a       0x2c USB_Device/Target/usbd_conf.o
                0x0000000008009d0a                USBD_LL_GetRxDataSize
 *fill*         0x0000000008009d36        0x2 
 .text.HAL_PCDEx_LPM_Callback
                0x0000000008009d38       0x74 USB_Device/Target/usbd_conf.o
                0x0000000008009d38                HAL_PCDEx_LPM_Callback
 .text.USBD_static_malloc
                0x0000000008009dac       0x18 USB_Device/Target/usbd_conf.o
                0x0000000008009dac                USBD_static_malloc
 .text.USBD_static_free
                0x0000000008009dc4       0x10 USB_Device/Target/usbd_conf.o
                0x0000000008009dc4                USBD_static_free
 .text.SystemClockConfig_Resume
                0x0000000008009dd4        0xe USB_Device/Target/usbd_conf.o
 .text.USBD_Get_USB_Status
                0x0000000008009de2       0x6e USB_Device/Target/usbd_conf.o
 .text.__errno  0x0000000008009e50        0xc c:/st/stm32cubeide_1.6.0/stm32cubeide/plugins/com.st.stm32cube.ide.mcu.externaltools.gnu-tools-for-stm32.9-2020-q2-update.win32_1.5.0.202011040924/tools/bin/../lib/gcc/arm-none-eabi/9.3.1/../../../../arm-none-eabi/lib/thumb/v6-m/nofp\libc_nano.a(lib_a-errno.o)
                0x0000000008009e50                __errno
 .text.__libc_init_array
                0x0000000008009e5c       0x48 c:/st/stm32cubeide_1.6.0/stm32cubeide/plugins/com.st.stm32cube.ide.mcu.externaltools.gnu-tools-for-stm32.9-2020-q2-update.win32_1.5.0.202011040924/tools/bin/../lib/gcc/arm-none-eabi/9.3.1/../../../../arm-none-eabi/lib/thumb/v6-m/nofp\libc_nano.a(lib_a-init.o)
                0x0000000008009e5c                __libc_init_array
 .text.malloc   0x0000000008009ea4       0x14 c:/st/stm32cubeide_1.6.0/stm32cubeide/plugins/com.st.stm32cube.ide.mcu.externaltools.gnu-tools-for-stm32.9-2020-q2-update.win32_1.5.0.202011040924/tools/bin/../lib/gcc/arm-none-eabi/9.3.1/../../../../arm-none-eabi/lib/thumb/v6-m/nofp\libc_nano.a(lib_a-malloc.o)
                0x0000000008009ea4                malloc
 .text.memset   0x0000000008009eb8       0x10 c:/st/stm32cubeide_1.6.0/stm32cubeide/plugins/com.st.stm32cube.ide.mcu.externaltools.gnu-tools-for-stm32.9-2020-q2-update.win32_1.5.0.202011040924/tools/bin/../lib/gcc/arm-none-eabi/9.3.1/../../../../arm-none-eabi/lib/thumb/v6-m/nofp\libc_nano.a(lib_a-memset.o)
                0x0000000008009eb8                memset
 .text._malloc_r
                0x0000000008009ec8       0xbc c:/st/stm32cubeide_1.6.0/stm32cubeide/plugins/com.st.stm32cube.ide.mcu.externaltools.gnu-tools-for-stm32.9-2020-q2-update.win32_1.5.0.202011040924/tools/bin/../lib/gcc/arm-none-eabi/9.3.1/../../../../arm-none-eabi/lib/thumb/v6-m/nofp\libc_nano.a(lib_a-nano-mallocr.o)
                0x0000000008009ec8                _malloc_r
 .text._sbrk_r  0x0000000008009f84       0x24 c:/st/stm32cubeide_1.6.0/stm32cubeide/plugins/com.st.stm32cube.ide.mcu.externaltools.gnu-tools-for-stm32.9-2020-q2-update.win32_1.5.0.202011040924/tools/bin/../lib/gcc/arm-none-eabi/9.3.1/../../../../arm-none-eabi/lib/thumb/v6-m/nofp\libc_nano.a(lib_a-sbrkr.o)
                0x0000000008009f84                _sbrk_r
 .text.__malloc_lock
                0x0000000008009fa8       0x10 c:/st/stm32cubeide_1.6.0/stm32cubeide/plugins/com.st.stm32cube.ide.mcu.externaltools.gnu-tools-for-stm32.9-2020-q2-update.win32_1.5.0.202011040924/tools/bin/../lib/gcc/arm-none-eabi/9.3.1/../../../../arm-none-eabi/lib/thumb/v6-m/nofp\libc_nano.a(lib_a-mlock.o)
                0x0000000008009fa8                __malloc_lock
 .text.__malloc_unlock
                0x0000000008009fb8       0x10 c:/st/stm32cubeide_1.6.0/stm32cubeide/plugins/com.st.stm32cube.ide.mcu.externaltools.gnu-tools-for-stm32.9-2020-q2-update.win32_1.5.0.202011040924/tools/bin/../lib/gcc/arm-none-eabi/9.3.1/../../../../arm-none-eabi/lib/thumb/v6-m/nofp\libc_nano.a(lib_a-mlock.o)
                0x0000000008009fb8                __malloc_unlock
 .text.__retarget_lock_acquire_recursive
                0x0000000008009fc8        0x2 c:/st/stm32cubeide_1.6.0/stm32cubeide/plugins/com.st.stm32cube.ide.mcu.externaltools.gnu-tools-for-stm32.9-2020-q2-update.win32_1.5.0.202011040924/tools/bin/../lib/gcc/arm-none-eabi/9.3.1/../../../../arm-none-eabi/lib/thumb/v6-m/nofp\libc_nano.a(lib_a-lock.o)
                0x0000000008009fc8                __retarget_lock_acquire_recursive
 .text.__retarget_lock_release_recursive
                0x0000000008009fca        0x2 c:/st/stm32cubeide_1.6.0/stm32cubeide/plugins/com.st.stm32cube.ide.mcu.externaltools.gnu-tools-for-stm32.9-2020-q2-update.win32_1.5.0.202011040924/tools/bin/../lib/gcc/arm-none-eabi/9.3.1/../../../../arm-none-eabi/lib/thumb/v6-m/nofp\libc_nano.a(lib_a-lock.o)
                0x0000000008009fca                __retarget_lock_release_recursive
 *(.glue_7)
 .glue_7        0x0000000008009fcc        0x0 linker stubs
 *(.glue_7t)
 .glue_7t       0x0000000008009fcc        0x0 linker stubs
 *(.eh_frame)
 .eh_frame      0x0000000008009fcc        0x0 c:/st/stm32cubeide_1.6.0/stm32cubeide/plugins/com.st.stm32cube.ide.mcu.externaltools.gnu-tools-for-stm32.9-2020-q2-update.win32_1.5.0.202011040924/tools/bin/../lib/gcc/arm-none-eabi/9.3.1/thumb/v6-m/nofp/crtbegin.o
 *(.init)
 .init          0x0000000008009fcc        0x4 c:/st/stm32cubeide_1.6.0/stm32cubeide/plugins/com.st.stm32cube.ide.mcu.externaltools.gnu-tools-for-stm32.9-2020-q2-update.win32_1.5.0.202011040924/tools/bin/../lib/gcc/arm-none-eabi/9.3.1/thumb/v6-m/nofp/crti.o
                0x0000000008009fcc                _init
 .init          0x0000000008009fd0        0x8 c:/st/stm32cubeide_1.6.0/stm32cubeide/plugins/com.st.stm32cube.ide.mcu.externaltools.gnu-tools-for-stm32.9-2020-q2-update.win32_1.5.0.202011040924/tools/bin/../lib/gcc/arm-none-eabi/9.3.1/thumb/v6-m/nofp/crtn.o
 *(.fini)
 .fini          0x0000000008009fd8        0x4 c:/st/stm32cubeide_1.6.0/stm32cubeide/plugins/com.st.stm32cube.ide.mcu.externaltools.gnu-tools-for-stm32.9-2020-q2-update.win32_1.5.0.202011040924/tools/bin/../lib/gcc/arm-none-eabi/9.3.1/thumb/v6-m/nofp/crti.o
                0x0000000008009fd8                _fini
 .fini          0x0000000008009fdc        0x8 c:/st/stm32cubeide_1.6.0/stm32cubeide/plugins/com.st.stm32cube.ide.mcu.externaltools.gnu-tools-for-stm32.9-2020-q2-update.win32_1.5.0.202011040924/tools/bin/../lib/gcc/arm-none-eabi/9.3.1/thumb/v6-m/nofp/crtn.o
                0x0000000008009fe4                . = ALIGN (0x4)
                0x0000000008009fe4                _etext = .

.vfp11_veneer   0x0000000008009fe4        0x0
 .vfp11_veneer  0x0000000008009fe4        0x0 linker stubs

.v4_bx          0x0000000008009fe4        0x0
 .v4_bx         0x0000000008009fe4        0x0 linker stubs

.iplt           0x0000000008009fe4        0x0
 .iplt          0x0000000008009fe4        0x0 c:/st/stm32cubeide_1.6.0/stm32cubeide/plugins/com.st.stm32cube.ide.mcu.externaltools.gnu-tools-for-stm32.9-2020-q2-update.win32_1.5.0.202011040924/tools/bin/../lib/gcc/arm-none-eabi/9.3.1/thumb/v6-m/nofp/crtbegin.o

.rodata         0x0000000008009fe4      0x1f0
                0x0000000008009fe4                . = ALIGN (0x4)
 *(.rodata)
 .rodata        0x0000000008009fe4        0x6 Core/Src/main.o
 *fill*         0x0000000008009fea        0x2 
 .rodata        0x0000000008009fec       0x10 Drivers/STM32G0xx_HAL_Driver/Src/stm32g0xx_hal_uart_ex.o
 .rodata        0x0000000008009ffc       0x46 USB_Device/App/usbd_desc.o
 *(.rodata*)
 *fill*         0x000000000800a042        0x2 
 .rodata.CHANNEL_OFFSET_TAB
                0x000000000800a044        0x7 Core/Src/main.o
 *fill*         0x000000000800a04b        0x1 
 .rodata.AHBPrescTable
                0x000000000800a04c       0x40 Core/Src/system_stm32g0xx.o
                0x000000000800a04c                AHBPrescTable
 .rodata.APBPrescTable
                0x000000000800a08c       0x20 Core/Src/system_stm32g0xx.o
                0x000000000800a08c                APBPrescTable
 .rodata.UARTPrescTable
                0x000000000800a0ac       0x18 Drivers/STM32G0xx_HAL_Driver/Src/stm32g0xx_hal_uart.o
                0x000000000800a0ac                UARTPrescTable
 .rodata.USBD_StdDevReq
                0x000000000800a0c4       0x28 Middlewares/ST/STM32_USB_Device_Library/Core/Src/usbd_ctlreq.o
 .rodata.USBD_GetDescriptor
                0x000000000800a0ec       0x58 Middlewares/ST/STM32_USB_Device_Library/Core/Src/usbd_ctlreq.o
 .rodata.CDC_Control_FS
                0x000000000800a144       0x90 USB_Device/App/usbd_cdc_if.o
                0x000000000800a1d4                . = ALIGN (0x4)

.ARM.extab      0x000000000800a1d4        0x0
                0x000000000800a1d4                . = ALIGN (0x4)
 *(.ARM.extab* .gnu.linkonce.armextab.*)
                0x000000000800a1d4                . = ALIGN (0x4)

.ARM            0x000000000800a1d4        0x8
                0x000000000800a1d4                . = ALIGN (0x4)
                0x000000000800a1d4                __exidx_start = .
 *(.ARM.exidx*)
 .ARM.exidx     0x000000000800a1d4        0x8 c:/st/stm32cubeide_1.6.0/stm32cubeide/plugins/com.st.stm32cube.ide.mcu.externaltools.gnu-tools-for-stm32.9-2020-q2-update.win32_1.5.0.202011040924/tools/bin/../lib/gcc/arm-none-eabi/9.3.1/thumb/v6-m/nofp\libgcc.a(_udivmoddi4.o)
                0x000000000800a1dc                __exidx_end = .
                0x000000000800a1dc                . = ALIGN (0x4)

.rel.dyn        0x000000000800a1dc        0x0
 .rel.iplt      0x000000000800a1dc        0x0 c:/st/stm32cubeide_1.6.0/stm32cubeide/plugins/com.st.stm32cube.ide.mcu.externaltools.gnu-tools-for-stm32.9-2020-q2-update.win32_1.5.0.202011040924/tools/bin/../lib/gcc/arm-none-eabi/9.3.1/thumb/v6-m/nofp/crtbegin.o

.preinit_array  0x000000000800a1dc        0x0
                0x000000000800a1dc                . = ALIGN (0x4)
                0x000000000800a1dc                PROVIDE (__preinit_array_start = .)
 *(.preinit_array*)
                0x000000000800a1dc                PROVIDE (__preinit_array_end = .)
                0x000000000800a1dc                . = ALIGN (0x4)

.init_array     0x000000000800a1dc        0x4
                0x000000000800a1dc                . = ALIGN (0x4)
                0x000000000800a1dc                PROVIDE (__init_array_start = .)
 *(SORT_BY_NAME(.init_array.*))
 *(.init_array*)
 .init_array    0x000000000800a1dc        0x4 c:/st/stm32cubeide_1.6.0/stm32cubeide/plugins/com.st.stm32cube.ide.mcu.externaltools.gnu-tools-for-stm32.9-2020-q2-update.win32_1.5.0.202011040924/tools/bin/../lib/gcc/arm-none-eabi/9.3.1/thumb/v6-m/nofp/crtbegin.o
                0x000000000800a1e0                PROVIDE (__init_array_end = .)
                0x000000000800a1e0                . = ALIGN (0x4)

.fini_array     0x000000000800a1e0        0x4
                0x000000000800a1e0                . = ALIGN (0x4)
                [!provide]                        PROVIDE (__fini_array_start = .)
 *(SORT_BY_NAME(.fini_array.*))
 *(.fini_array*)
 .fini_array    0x000000000800a1e0        0x4 c:/st/stm32cubeide_1.6.0/stm32cubeide/plugins/com.st.stm32cube.ide.mcu.externaltools.gnu-tools-for-stm32.9-2020-q2-update.win32_1.5.0.202011040924/tools/bin/../lib/gcc/arm-none-eabi/9.3.1/thumb/v6-m/nofp/crtbegin.o
                [!provide]                        PROVIDE (__fini_array_end = .)
                0x000000000800a1e4                . = ALIGN (0x4)
                0x000000000800a1e4                _sidata = LOADADDR (.data)

.data           0x0000000020000000      0x1ec load address 0x000000000800a1e4
                0x0000000020000000                . = ALIGN (0x4)
                0x0000000020000000                _sdata = .
 *(.data)
 .data          0x0000000020000000        0x4 ../Middlewares/ST/STM32_USBPD_Library/Core/lib\USBPDCORE_NOPD_CM0PLUS_wc32.a(usbpd_pe_lib.o)
                0x0000000020000000                USBPD_Trace
 *(.data*)
 .data.SystemCoreClock
                0x0000000020000004        0x4 Core/Src/system_stm32g0xx.o
                0x0000000020000004                SystemCoreClock
 .data.uwTickPrio
                0x0000000020000008        0x4 Drivers/STM32G0xx_HAL_Driver/Src/stm32g0xx_hal.o
                0x0000000020000008                uwTickPrio
 .data.uwTickFreq
                0x000000002000000c        0x1 Drivers/STM32G0xx_HAL_Driver/Src/stm32g0xx_hal.o
                0x000000002000000c                uwTickFreq
 *fill*         0x000000002000000d        0x3 
 .data.USBD_CDC_DeviceQualifierDesc
                0x0000000020000010        0xa Middlewares/ST/STM32_USB_Device_Library/Class/CDC/Src/usbd_cdc.o
 *fill*         0x000000002000001a        0x2 
 .data.USBD_CDC
                0x000000002000001c       0x38 Middlewares/ST/STM32_USB_Device_Library/Class/CDC/Src/usbd_cdc.o
                0x000000002000001c                USBD_CDC
 .data.USBD_CDC_CfgHSDesc
                0x0000000020000054       0x43 Middlewares/ST/STM32_USB_Device_Library/Class/CDC/Src/usbd_cdc.o
 *fill*         0x0000000020000097        0x1 
 .data.USBD_CDC_CfgFSDesc
                0x0000000020000098       0x43 Middlewares/ST/STM32_USB_Device_Library/Class/CDC/Src/usbd_cdc.o
 *fill*         0x00000000200000db        0x1 
 .data.USBD_CDC_OtherSpeedCfgDesc
                0x00000000200000dc       0x43 Middlewares/ST/STM32_USB_Device_Library/Class/CDC/Src/usbd_cdc.o
 *fill*         0x000000002000011f        0x1 
 .data.USBD_Interface_fops_FS
                0x0000000020000120       0x14 USB_Device/App/usbd_cdc_if.o
                0x0000000020000120                USBD_Interface_fops_FS
 .data.CDC_Desc
                0x0000000020000134       0x20 USB_Device/App/usbd_desc.o
                0x0000000020000134                CDC_Desc
 .data.USBD_CDC_DeviceDesc
                0x0000000020000154       0x12 USB_Device/App/usbd_desc.o
                0x0000000020000154                USBD_CDC_DeviceDesc
 *fill*         0x0000000020000166        0x2 
 .data.USBD_LangIDDesc
                0x0000000020000168        0x4 USB_Device/App/usbd_desc.o
                0x0000000020000168                USBD_LangIDDesc
 .data.USBD_StringSerial
                0x000000002000016c       0x1a USB_Device/App/usbd_desc.o
                0x000000002000016c                USBD_StringSerial
 *fill*         0x0000000020000186        0x2 
 .data._impure_ptr
                0x0000000020000188        0x4 c:/st/stm32cubeide_1.6.0/stm32cubeide/plugins/com.st.stm32cube.ide.mcu.externaltools.gnu-tools-for-stm32.9-2020-q2-update.win32_1.5.0.202011040924/tools/bin/../lib/gcc/arm-none-eabi/9.3.1/../../../../arm-none-eabi/lib/thumb/v6-m/nofp\libc_nano.a(lib_a-impure.o)
                0x0000000020000188                _impure_ptr
 .data.impure_data
                0x000000002000018c       0x60 c:/st/stm32cubeide_1.6.0/stm32cubeide/plugins/com.st.stm32cube.ide.mcu.externaltools.gnu-tools-for-stm32.9-2020-q2-update.win32_1.5.0.202011040924/tools/bin/../lib/gcc/arm-none-eabi/9.3.1/../../../../arm-none-eabi/lib/thumb/v6-m/nofp\libc_nano.a(lib_a-impure.o)
 *(.RamFunc)
 *(.RamFunc*)
                0x00000000200001ec                . = ALIGN (0x4)
                0x00000000200001ec                _edata = .

.igot.plt       0x00000000200001ec        0x0 load address 0x000000000800a3d0
 .igot.plt      0x00000000200001ec        0x0 c:/st/stm32cubeide_1.6.0/stm32cubeide/plugins/com.st.stm32cube.ide.mcu.externaltools.gnu-tools-for-stm32.9-2020-q2-update.win32_1.5.0.202011040924/tools/bin/../lib/gcc/arm-none-eabi/9.3.1/thumb/v6-m/nofp/crtbegin.o
                0x00000000200001ec                . = ALIGN (0x4)

.bss            0x00000000200001ec     0x1b20 load address 0x000000000800a3d0
                0x00000000200001ec                _sbss = .
                0x00000000200001ec                __bss_start__ = _sbss
 *(.bss)
 .bss           0x00000000200001ec       0x1c c:/st/stm32cubeide_1.6.0/stm32cubeide/plugins/com.st.stm32cube.ide.mcu.externaltools.gnu-tools-for-stm32.9-2020-q2-update.win32_1.5.0.202011040924/tools/bin/../lib/gcc/arm-none-eabi/9.3.1/thumb/v6-m/nofp/crtbegin.o
 .bss           0x0000000020000208        0xc ../Middlewares/ST/STM32_USBPD_Library/Core/lib\USBPDCORE_NOPD_CM0PLUS_wc32.a(usbpd_cad.o)
 *(.bss*)
 .bss.__sbrk_heap_end
                0x0000000020000214        0x4 Core/Src/sysmem.o
 .bss.CAD_HW_Handles
                0x0000000020000218        0xc Middlewares/ST/STM32_USBPD_Library/Devices/STM32G0XX/src/usbpd_cad_hw_if.o
 .bss.cfgidx.9406
                0x0000000020000224        0x1 Middlewares/ST/STM32_USB_Device_Library/Core/Src/usbd_ctlreq.o
 *fill*         0x0000000020000225        0x3 
 .bss.DPM_Settings
                0x0000000020000228        0x4 USBPD/usbpd_dpm_core.o
                0x0000000020000228                DPM_Settings
 .bss.mem.9481  0x000000002000022c      0x220 USB_Device/Target/usbd_conf.o
 .bss.__malloc_free_list
                0x000000002000044c        0x4 c:/st/stm32cubeide_1.6.0/stm32cubeide/plugins/com.st.stm32cube.ide.mcu.externaltools.gnu-tools-for-stm32.9-2020-q2-update.win32_1.5.0.202011040924/tools/bin/../lib/gcc/arm-none-eabi/9.3.1/../../../../arm-none-eabi/lib/thumb/v6-m/nofp\libc_nano.a(lib_a-nano-mallocr.o)
                0x000000002000044c                __malloc_free_list
 .bss.__malloc_sbrk_start
                0x0000000020000450        0x4 c:/st/stm32cubeide_1.6.0/stm32cubeide/plugins/com.st.stm32cube.ide.mcu.externaltools.gnu-tools-for-stm32.9-2020-q2-update.win32_1.5.0.202011040924/tools/bin/../lib/gcc/arm-none-eabi/9.3.1/../../../../arm-none-eabi/lib/thumb/v6-m/nofp\libc_nano.a(lib_a-nano-mallocr.o)
                0x0000000020000450                __malloc_sbrk_start
 *(COMMON)
 COMMON         0x0000000020000454       0x90 Core/Src/main.o
                0x0000000020000454                huart2
 COMMON         0x00000000200004e4        0x4 Drivers/STM32G0xx_HAL_Driver/Src/stm32g0xx_hal.o
                0x00000000200004e4                uwTick
 COMMON         0x00000000200004e8       0x38 Middlewares/ST/STM32_USBPD_Library/Devices/STM32G0XX/src/usbpd_phy_hw_if.o
                0x00000000200004e8                Ports
 COMMON         0x0000000020000520        0x8 USBPD/usbpd_dpm_core.o
                0x0000000020000520                DPM_Params
 COMMON         0x0000000020000528      0x2d0 USB_Device/App/usb_device.o
                0x0000000020000528                hUsbDeviceFS
 COMMON         0x00000000200007f8     0x1000 USB_Device/App/usbd_cdc_if.o
                0x00000000200007f8                UserRxBufferFS
                0x0000000020000ff8                UserTxBufferFS
 COMMON         0x00000000200017f8      0x200 USB_Device/App/usbd_desc.o
                0x00000000200017f8                USBD_StrDesc
 COMMON         0x00000000200019f8      0x304 USB_Device/Target/usbd_conf.o
                0x00000000200019f8                hpcd_USB_DRD_FS
 COMMON         0x0000000020001cfc        0x4 c:/st/stm32cubeide_1.6.0/stm32cubeide/plugins/com.st.stm32cube.ide.mcu.externaltools.gnu-tools-for-stm32.9-2020-q2-update.win32_1.5.0.202011040924/tools/bin/../lib/gcc/arm-none-eabi/9.3.1/../../../../arm-none-eabi/lib/thumb/v6-m/nofp\libc_nano.a(lib_a-reent.o)
                0x0000000020001cfc                errno
 COMMON         0x0000000020001d00        0x9 c:/st/stm32cubeide_1.6.0/stm32cubeide/plugins/com.st.stm32cube.ide.mcu.externaltools.gnu-tools-for-stm32.9-2020-q2-update.win32_1.5.0.202011040924/tools/bin/../lib/gcc/arm-none-eabi/9.3.1/../../../../arm-none-eabi/lib/thumb/v6-m/nofp\libc_nano.a(lib_a-lock.o)
                0x0000000020001d00                __lock___atexit_recursive_mutex
                0x0000000020001d01                __lock___arc4random_mutex
                0x0000000020001d02                __lock___env_recursive_mutex
                0x0000000020001d03                __lock___sinit_recursive_mutex
                0x0000000020001d04                __lock___malloc_recursive_mutex
                0x0000000020001d05                __lock___at_quick_exit_mutex
                0x0000000020001d06                __lock___dd_hash_mutex
                0x0000000020001d07                __lock___tz_mutex
                0x0000000020001d08                __lock___sfp_recursive_mutex
                0x0000000020001d0c                . = ALIGN (0x4)
 *fill*         0x0000000020001d09        0x3 
                0x0000000020001d0c                _ebss = .
                0x0000000020001d0c                __bss_end__ = _ebss

._user_heap_stack
                0x0000000020001d0c      0x604 load address 0x000000000800a3d0
                0x0000000020001d10                . = ALIGN (0x8)
 *fill*         0x0000000020001d0c        0x4 
                [!provide]                        PROVIDE (end = .)
                0x0000000020001d10                PROVIDE (_end = .)
                0x0000000020001f10                . = (. + _Min_Heap_Size)
 *fill*         0x0000000020001d10      0x200 
                0x0000000020002310                . = (. + _Min_Stack_Size)
 *fill*         0x0000000020001f10      0x400 
                0x0000000020002310                . = ALIGN (0x8)

/DISCARD/
 libc.a(*)
 libm.a(*)
 libgcc.a(*)

.ARM.attributes
                0x0000000000000000       0x2e
 *(.ARM.attributes)
 .ARM.attributes
                0x0000000000000000       0x1e c:/st/stm32cubeide_1.6.0/stm32cubeide/plugins/com.st.stm32cube.ide.mcu.externaltools.gnu-tools-for-stm32.9-2020-q2-update.win32_1.5.0.202011040924/tools/bin/../lib/gcc/arm-none-eabi/9.3.1/thumb/v6-m/nofp/crti.o
 .ARM.attributes
                0x000000000000001e       0x2c c:/st/stm32cubeide_1.6.0/stm32cubeide/plugins/com.st.stm32cube.ide.mcu.externaltools.gnu-tools-for-stm32.9-2020-q2-update.win32_1.5.0.202011040924/tools/bin/../lib/gcc/arm-none-eabi/9.3.1/thumb/v6-m/nofp/crtbegin.o
 .ARM.attributes
                0x000000000000004a       0x2c Core/Src/main.o
 .ARM.attributes
                0x0000000000000076       0x2c Core/Src/stm32g0xx_hal_msp.o
 .ARM.attributes
                0x00000000000000a2       0x2c Core/Src/stm32g0xx_it.o
 .ARM.attributes
                0x00000000000000ce       0x2c Core/Src/sysmem.o
 .ARM.attributes
                0x00000000000000fa       0x2c Core/Src/system_stm32g0xx.o
 .ARM.attributes
                0x0000000000000126       0x22 Core/Startup/startup_stm32g0b1retx.o
 .ARM.attributes
                0x0000000000000148       0x2c Drivers/STM32G0xx_HAL_Driver/Src/stm32g0xx_hal.o
 .ARM.attributes
                0x0000000000000174       0x2c Drivers/STM32G0xx_HAL_Driver/Src/stm32g0xx_hal_cortex.o
 .ARM.attributes
                0x00000000000001a0       0x2c Drivers/STM32G0xx_HAL_Driver/Src/stm32g0xx_hal_gpio.o
 .ARM.attributes
                0x00000000000001cc       0x2c Drivers/STM32G0xx_HAL_Driver/Src/stm32g0xx_hal_pcd.o
 .ARM.attributes
                0x00000000000001f8       0x2c Drivers/STM32G0xx_HAL_Driver/Src/stm32g0xx_hal_pcd_ex.o
 .ARM.attributes
                0x0000000000000224       0x2c Drivers/STM32G0xx_HAL_Driver/Src/stm32g0xx_hal_pwr_ex.o
 .ARM.attributes
                0x0000000000000250       0x2c Drivers/STM32G0xx_HAL_Driver/Src/stm32g0xx_hal_rcc.o
 .ARM.attributes
                0x000000000000027c       0x2c Drivers/STM32G0xx_HAL_Driver/Src/stm32g0xx_hal_rcc_ex.o
 .ARM.attributes
                0x00000000000002a8       0x2c Drivers/STM32G0xx_HAL_Driver/Src/stm32g0xx_hal_uart.o
 .ARM.attributes
                0x00000000000002d4       0x2c Drivers/STM32G0xx_HAL_Driver/Src/stm32g0xx_hal_uart_ex.o
 .ARM.attributes
                0x0000000000000300       0x2c Drivers/STM32G0xx_HAL_Driver/Src/stm32g0xx_ll_gpio.o
 .ARM.attributes
                0x000000000000032c       0x2c Drivers/STM32G0xx_HAL_Driver/Src/stm32g0xx_ll_ucpd.o
 .ARM.attributes
                0x0000000000000358       0x2c Drivers/STM32G0xx_HAL_Driver/Src/stm32g0xx_ll_usb.o
 .ARM.attributes
                0x0000000000000384       0x2c Middlewares/ST/STM32_USBPD_Library/Devices/STM32G0XX/src/usbpd_cad_hw_if.o
 .ARM.attributes
                0x00000000000003b0       0x2c Middlewares/ST/STM32_USBPD_Library/Devices/STM32G0XX/src/usbpd_hw.o
 .ARM.attributes
                0x00000000000003dc       0x2c Middlewares/ST/STM32_USBPD_Library/Devices/STM32G0XX/src/usbpd_phy_hw_if.o
 .ARM.attributes
                0x0000000000000408       0x2c Middlewares/ST/STM32_USB_Device_Library/Class/CDC/Src/usbd_cdc.o
 .ARM.attributes
                0x0000000000000434       0x2c Middlewares/ST/STM32_USB_Device_Library/Core/Src/usbd_core.o
 .ARM.attributes
                0x0000000000000460       0x2c Middlewares/ST/STM32_USB_Device_Library/Core/Src/usbd_ctlreq.o
 .ARM.attributes
                0x000000000000048c       0x2c Middlewares/ST/STM32_USB_Device_Library/Core/Src/usbd_ioreq.o
 .ARM.attributes
                0x00000000000004b8       0x2c USBPD/App/usbpd.o
 .ARM.attributes
                0x00000000000004e4       0x2c USBPD/usbpd_dpm_core.o
 .ARM.attributes
                0x0000000000000510       0x2c USB_Device/App/usb_device.o
 .ARM.attributes
                0x000000000000053c       0x2c USB_Device/App/usbd_cdc_if.o
 .ARM.attributes
                0x0000000000000568       0x2c USB_Device/App/usbd_desc.o
 .ARM.attributes
                0x0000000000000594       0x2c USB_Device/Target/usbd_conf.o
 .ARM.attributes
                0x00000000000005c0       0x53 ../Middlewares/ST/STM32_USBPD_Library/Core/lib\USBPDCORE_NOPD_CM0PLUS_wc32.a(usbpd_cad.o)
 .ARM.attributes
                0x0000000000000613       0x53 ../Middlewares/ST/STM32_USBPD_Library/Core/lib\USBPDCORE_NOPD_CM0PLUS_wc32.a(usbpd_pe_lib.o)
 .ARM.attributes
                0x0000000000000666       0x2c c:/st/stm32cubeide_1.6.0/stm32cubeide/plugins/com.st.stm32cube.ide.mcu.externaltools.gnu-tools-for-stm32.9-2020-q2-update.win32_1.5.0.202011040924/tools/bin/../lib/gcc/arm-none-eabi/9.3.1/../../../../arm-none-eabi/lib/thumb/v6-m/nofp\libc_nano.a(lib_a-errno.o)
 .ARM.attributes
                0x0000000000000692       0x2c c:/st/stm32cubeide_1.6.0/stm32cubeide/plugins/com.st.stm32cube.ide.mcu.externaltools.gnu-tools-for-stm32.9-2020-q2-update.win32_1.5.0.202011040924/tools/bin/../lib/gcc/arm-none-eabi/9.3.1/../../../../arm-none-eabi/lib/thumb/v6-m/nofp\libc_nano.a(lib_a-impure.o)
 .ARM.attributes
                0x00000000000006be       0x2c c:/st/stm32cubeide_1.6.0/stm32cubeide/plugins/com.st.stm32cube.ide.mcu.externaltools.gnu-tools-for-stm32.9-2020-q2-update.win32_1.5.0.202011040924/tools/bin/../lib/gcc/arm-none-eabi/9.3.1/../../../../arm-none-eabi/lib/thumb/v6-m/nofp\libc_nano.a(lib_a-init.o)
 .ARM.attributes
                0x00000000000006ea       0x2c c:/st/stm32cubeide_1.6.0/stm32cubeide/plugins/com.st.stm32cube.ide.mcu.externaltools.gnu-tools-for-stm32.9-2020-q2-update.win32_1.5.0.202011040924/tools/bin/../lib/gcc/arm-none-eabi/9.3.1/../../../../arm-none-eabi/lib/thumb/v6-m/nofp\libc_nano.a(lib_a-malloc.o)
 .ARM.attributes
                0x0000000000000716       0x2c c:/st/stm32cubeide_1.6.0/stm32cubeide/plugins/com.st.stm32cube.ide.mcu.externaltools.gnu-tools-for-stm32.9-2020-q2-update.win32_1.5.0.202011040924/tools/bin/../lib/gcc/arm-none-eabi/9.3.1/../../../../arm-none-eabi/lib/thumb/v6-m/nofp\libc_nano.a(lib_a-memset.o)
 .ARM.attributes
                0x0000000000000742       0x2c c:/st/stm32cubeide_1.6.0/stm32cubeide/plugins/com.st.stm32cube.ide.mcu.externaltools.gnu-tools-for-stm32.9-2020-q2-update.win32_1.5.0.202011040924/tools/bin/../lib/gcc/arm-none-eabi/9.3.1/../../../../arm-none-eabi/lib/thumb/v6-m/nofp\libc_nano.a(lib_a-nano-mallocr.o)
 .ARM.attributes
                0x000000000000076e       0x2c c:/st/stm32cubeide_1.6.0/stm32cubeide/plugins/com.st.stm32cube.ide.mcu.externaltools.gnu-tools-for-stm32.9-2020-q2-update.win32_1.5.0.202011040924/tools/bin/../lib/gcc/arm-none-eabi/9.3.1/../../../../arm-none-eabi/lib/thumb/v6-m/nofp\libc_nano.a(lib_a-sbrkr.o)
 .ARM.attributes
                0x000000000000079a       0x2c c:/st/stm32cubeide_1.6.0/stm32cubeide/plugins/com.st.stm32cube.ide.mcu.externaltools.gnu-tools-for-stm32.9-2020-q2-update.win32_1.5.0.202011040924/tools/bin/../lib/gcc/arm-none-eabi/9.3.1/../../../../arm-none-eabi/lib/thumb/v6-m/nofp\libc_nano.a(lib_a-mlock.o)
 .ARM.attributes
                0x00000000000007c6       0x2c c:/st/stm32cubeide_1.6.0/stm32cubeide/plugins/com.st.stm32cube.ide.mcu.externaltools.gnu-tools-for-stm32.9-2020-q2-update.win32_1.5.0.202011040924/tools/bin/../lib/gcc/arm-none-eabi/9.3.1/../../../../arm-none-eabi/lib/thumb/v6-m/nofp\libc_nano.a(lib_a-reent.o)
 .ARM.attributes
                0x00000000000007f2       0x2c c:/st/stm32cubeide_1.6.0/stm32cubeide/plugins/com.st.stm32cube.ide.mcu.externaltools.gnu-tools-for-stm32.9-2020-q2-update.win32_1.5.0.202011040924/tools/bin/../lib/gcc/arm-none-eabi/9.3.1/../../../../arm-none-eabi/lib/thumb/v6-m/nofp\libc_nano.a(lib_a-lock.o)
 .ARM.attributes
                0x000000000000081e       0x1e c:/st/stm32cubeide_1.6.0/stm32cubeide/plugins/com.st.stm32cube.ide.mcu.externaltools.gnu-tools-for-stm32.9-2020-q2-update.win32_1.5.0.202011040924/tools/bin/../lib/gcc/arm-none-eabi/9.3.1/thumb/v6-m/nofp\libgcc.a(_udivsi3.o)
 .ARM.attributes
                0x000000000000083c       0x1e c:/st/stm32cubeide_1.6.0/stm32cubeide/plugins/com.st.stm32cube.ide.mcu.externaltools.gnu-tools-for-stm32.9-2020-q2-update.win32_1.5.0.202011040924/tools/bin/../lib/gcc/arm-none-eabi/9.3.1/thumb/v6-m/nofp\libgcc.a(_divsi3.o)
 .ARM.attributes
                0x000000000000085a       0x1e c:/st/stm32cubeide_1.6.0/stm32cubeide/plugins/com.st.stm32cube.ide.mcu.externaltools.gnu-tools-for-stm32.9-2020-q2-update.win32_1.5.0.202011040924/tools/bin/../lib/gcc/arm-none-eabi/9.3.1/thumb/v6-m/nofp\libgcc.a(_dvmd_tls.o)
 .ARM.attributes
                0x0000000000000878       0x1e c:/st/stm32cubeide_1.6.0/stm32cubeide/plugins/com.st.stm32cube.ide.mcu.externaltools.gnu-tools-for-stm32.9-2020-q2-update.win32_1.5.0.202011040924/tools/bin/../lib/gcc/arm-none-eabi/9.3.1/thumb/v6-m/nofp\libgcc.a(_aeabi_uldivmod.o)
 .ARM.attributes
                0x0000000000000896       0x2c c:/st/stm32cubeide_1.6.0/stm32cubeide/plugins/com.st.stm32cube.ide.mcu.externaltools.gnu-tools-for-stm32.9-2020-q2-update.win32_1.5.0.202011040924/tools/bin/../lib/gcc/arm-none-eabi/9.3.1/thumb/v6-m/nofp\libgcc.a(_udivmoddi4.o)
 .ARM.attributes
                0x00000000000008c2       0x1e c:/st/stm32cubeide_1.6.0/stm32cubeide/plugins/com.st.stm32cube.ide.mcu.externaltools.gnu-tools-for-stm32.9-2020-q2-update.win32_1.5.0.202011040924/tools/bin/../lib/gcc/arm-none-eabi/9.3.1/thumb/v6-m/nofp\libgcc.a(_clzdi2.o)
 .ARM.attributes
                0x00000000000008e0       0x1e c:/st/stm32cubeide_1.6.0/stm32cubeide/plugins/com.st.stm32cube.ide.mcu.externaltools.gnu-tools-for-stm32.9-2020-q2-update.win32_1.5.0.202011040924/tools/bin/../lib/gcc/arm-none-eabi/9.3.1/thumb/v6-m/nofp\libgcc.a(_clzsi2.o)
 .ARM.attributes
                0x00000000000008fe       0x1e c:/st/stm32cubeide_1.6.0/stm32cubeide/plugins/com.st.stm32cube.ide.mcu.externaltools.gnu-tools-for-stm32.9-2020-q2-update.win32_1.5.0.202011040924/tools/bin/../lib/gcc/arm-none-eabi/9.3.1/thumb/v6-m/nofp/crtn.o
OUTPUT(cdc_nucleo.elf elf32-littlearm)
LOAD linker stubs
LOAD c:/st/stm32cubeide_1.6.0/stm32cubeide/plugins/com.st.stm32cube.ide.mcu.externaltools.gnu-tools-for-stm32.9-2020-q2-update.win32_1.5.0.202011040924/tools/bin/../lib/gcc/arm-none-eabi/9.3.1/../../../../arm-none-eabi/lib/thumb/v6-m/nofp\libc.a
LOAD c:/st/stm32cubeide_1.6.0/stm32cubeide/plugins/com.st.stm32cube.ide.mcu.externaltools.gnu-tools-for-stm32.9-2020-q2-update.win32_1.5.0.202011040924/tools/bin/../lib/gcc/arm-none-eabi/9.3.1/../../../../arm-none-eabi/lib/thumb/v6-m/nofp\libm.a
LOAD c:/st/stm32cubeide_1.6.0/stm32cubeide/plugins/com.st.stm32cube.ide.mcu.externaltools.gnu-tools-for-stm32.9-2020-q2-update.win32_1.5.0.202011040924/tools/bin/../lib/gcc/arm-none-eabi/9.3.1/thumb/v6-m/nofp\libgcc.a

.debug_info     0x0000000000000000    0x1e0e1
 .debug_info    0x0000000000000000     0x2534 Core/Src/main.o
 .debug_info    0x0000000000002534      0xc6a Core/Src/stm32g0xx_hal_msp.o
 .debug_info    0x000000000000319e      0xd04 Core/Src/stm32g0xx_it.o
 .debug_info    0x0000000000003ea2      0xa25 Core/Src/sysmem.o
 .debug_info    0x00000000000048c7      0x53b Core/Src/system_stm32g0xx.o
 .debug_info    0x0000000000004e02       0x22 Core/Startup/startup_stm32g0b1retx.o
 .debug_info    0x0000000000004e24      0xc3a Drivers/STM32G0xx_HAL_Driver/Src/stm32g0xx_hal.o
 .debug_info    0x0000000000005a5e      0xa9e Drivers/STM32G0xx_HAL_Driver/Src/stm32g0xx_hal_cortex.o
 .debug_info    0x00000000000064fc      0x7c0 Drivers/STM32G0xx_HAL_Driver/Src/stm32g0xx_hal_gpio.o
 .debug_info    0x0000000000006cbc     0x1228 Drivers/STM32G0xx_HAL_Driver/Src/stm32g0xx_hal_pcd.o
 .debug_info    0x0000000000007ee4      0x958 Drivers/STM32G0xx_HAL_Driver/Src/stm32g0xx_hal_pcd_ex.o
 .debug_info    0x000000000000883c      0xa92 Drivers/STM32G0xx_HAL_Driver/Src/stm32g0xx_hal_pwr_ex.o
 .debug_info    0x00000000000092ce      0xcac Drivers/STM32G0xx_HAL_Driver/Src/stm32g0xx_hal_rcc.o
 .debug_info    0x0000000000009f7a      0xc06 Drivers/STM32G0xx_HAL_Driver/Src/stm32g0xx_hal_rcc_ex.o
 .debug_info    0x000000000000ab80     0x1c88 Drivers/STM32G0xx_HAL_Driver/Src/stm32g0xx_hal_uart.o
 .debug_info    0x000000000000c808      0xeaa Drivers/STM32G0xx_HAL_Driver/Src/stm32g0xx_hal_uart_ex.o
 .debug_info    0x000000000000d6b2      0x7e0 Drivers/STM32G0xx_HAL_Driver/Src/stm32g0xx_ll_gpio.o
 .debug_info    0x000000000000de92      0x6af Drivers/STM32G0xx_HAL_Driver/Src/stm32g0xx_ll_ucpd.o
 .debug_info    0x000000000000e541     0x1b14 Drivers/STM32G0xx_HAL_Driver/Src/stm32g0xx_ll_usb.o
 .debug_info    0x0000000000010055     0x148d Middlewares/ST/STM32_USBPD_Library/Devices/STM32G0XX/src/usbpd_cad_hw_if.o
 .debug_info    0x00000000000114e2      0x7e3 Middlewares/ST/STM32_USBPD_Library/Devices/STM32G0XX/src/usbpd_hw.o
 .debug_info    0x0000000000011cc5      0xf58 Middlewares/ST/STM32_USBPD_Library/Devices/STM32G0XX/src/usbpd_phy_hw_if.o
 .debug_info    0x0000000000012c1d     0x1a2b Middlewares/ST/STM32_USB_Device_Library/Class/CDC/Src/usbd_cdc.o
 .debug_info    0x0000000000014648     0x1486 Middlewares/ST/STM32_USB_Device_Library/Core/Src/usbd_core.o
 .debug_info    0x0000000000015ace     0x1452 Middlewares/ST/STM32_USB_Device_Library/Core/Src/usbd_ctlreq.o
 .debug_info    0x0000000000016f20     0x1174 Middlewares/ST/STM32_USB_Device_Library/Core/Src/usbd_ioreq.o
 .debug_info    0x0000000000018094      0x8fa USBPD/App/usbpd.o
 .debug_info    0x000000000001898e      0x49b USBPD/usbpd_dpm_core.o
 .debug_info    0x0000000000018e29     0x10dd USB_Device/App/usb_device.o
 .debug_info    0x0000000000019f06     0x130e USB_Device/App/usbd_cdc_if.o
 .debug_info    0x000000000001b214      0xed0 USB_Device/App/usbd_desc.o
 .debug_info    0x000000000001c0e4     0x1ffd USB_Device/Target/usbd_conf.o

.debug_abbrev   0x0000000000000000     0x47ba
 .debug_abbrev  0x0000000000000000      0x360 Core/Src/main.o
 .debug_abbrev  0x0000000000000360      0x1ac Core/Src/stm32g0xx_hal_msp.o
 .debug_abbrev  0x000000000000050c      0x1c5 Core/Src/stm32g0xx_it.o
 .debug_abbrev  0x00000000000006d1      0x1bf Core/Src/sysmem.o
 .debug_abbrev  0x0000000000000890      0x165 Core/Src/system_stm32g0xx.o
 .debug_abbrev  0x00000000000009f5       0x12 Core/Startup/startup_stm32g0b1retx.o
 .debug_abbrev  0x0000000000000a07      0x265 Drivers/STM32G0xx_HAL_Driver/Src/stm32g0xx_hal.o
 .debug_abbrev  0x0000000000000c6c      0x2c5 Drivers/STM32G0xx_HAL_Driver/Src/stm32g0xx_hal_cortex.o
 .debug_abbrev  0x0000000000000f31      0x1df Drivers/STM32G0xx_HAL_Driver/Src/stm32g0xx_hal_gpio.o
 .debug_abbrev  0x0000000000001110      0x2af Drivers/STM32G0xx_HAL_Driver/Src/stm32g0xx_hal_pcd.o
 .debug_abbrev  0x00000000000013bf      0x219 Drivers/STM32G0xx_HAL_Driver/Src/stm32g0xx_hal_pcd_ex.o
 .debug_abbrev  0x00000000000015d8      0x245 Drivers/STM32G0xx_HAL_Driver/Src/stm32g0xx_hal_pwr_ex.o
 .debug_abbrev  0x000000000000181d      0x248 Drivers/STM32G0xx_HAL_Driver/Src/stm32g0xx_hal_rcc.o
 .debug_abbrev  0x0000000000001a65      0x216 Drivers/STM32G0xx_HAL_Driver/Src/stm32g0xx_hal_rcc_ex.o
 .debug_abbrev  0x0000000000001c7b      0x25f Drivers/STM32G0xx_HAL_Driver/Src/stm32g0xx_hal_uart.o
 .debug_abbrev  0x0000000000001eda      0x224 Drivers/STM32G0xx_HAL_Driver/Src/stm32g0xx_hal_uart_ex.o
 .debug_abbrev  0x00000000000020fe      0x1c8 Drivers/STM32G0xx_HAL_Driver/Src/stm32g0xx_ll_gpio.o
 .debug_abbrev  0x00000000000022c6      0x1b7 Drivers/STM32G0xx_HAL_Driver/Src/stm32g0xx_ll_ucpd.o
 .debug_abbrev  0x000000000000247d      0x2a8 Drivers/STM32G0xx_HAL_Driver/Src/stm32g0xx_ll_usb.o
 .debug_abbrev  0x0000000000002725      0x2bf Middlewares/ST/STM32_USBPD_Library/Devices/STM32G0XX/src/usbpd_cad_hw_if.o
 .debug_abbrev  0x00000000000029e4      0x1aa Middlewares/ST/STM32_USBPD_Library/Devices/STM32G0XX/src/usbpd_hw.o
 .debug_abbrev  0x0000000000002b8e      0x2a6 Middlewares/ST/STM32_USBPD_Library/Devices/STM32G0XX/src/usbpd_phy_hw_if.o
 .debug_abbrev  0x0000000000002e34      0x2fe Middlewares/ST/STM32_USB_Device_Library/Class/CDC/Src/usbd_cdc.o
 .debug_abbrev  0x0000000000003132      0x2c8 Middlewares/ST/STM32_USB_Device_Library/Core/Src/usbd_core.o
 .debug_abbrev  0x00000000000033fa      0x2fc Middlewares/ST/STM32_USB_Device_Library/Core/Src/usbd_ctlreq.o
 .debug_abbrev  0x00000000000036f6      0x23b Middlewares/ST/STM32_USB_Device_Library/Core/Src/usbd_ioreq.o
 .debug_abbrev  0x0000000000003931      0x1a8 USBPD/App/usbpd.o
 .debug_abbrev  0x0000000000003ad9      0x163 USBPD/usbpd_dpm_core.o
 .debug_abbrev  0x0000000000003c3c      0x215 USB_Device/App/usb_device.o
 .debug_abbrev  0x0000000000003e51      0x31d USB_Device/App/usbd_cdc_if.o
 .debug_abbrev  0x000000000000416e      0x2ea USB_Device/App/usbd_desc.o
 .debug_abbrev  0x0000000000004458      0x362 USB_Device/Target/usbd_conf.o

.debug_aranges  0x0000000000000000     0x12c0
 .debug_aranges
                0x0000000000000000       0xb0 Core/Src/main.o
 .debug_aranges
                0x00000000000000b0       0x30 Core/Src/stm32g0xx_hal_msp.o
 .debug_aranges
                0x00000000000000e0       0x58 Core/Src/stm32g0xx_it.o
 .debug_aranges
                0x0000000000000138       0x20 Core/Src/sysmem.o
 .debug_aranges
                0x0000000000000158       0x28 Core/Src/system_stm32g0xx.o
 .debug_aranges
                0x0000000000000180       0x28 Core/Startup/startup_stm32g0b1retx.o
 .debug_aranges
                0x00000000000001a8      0x130 Drivers/STM32G0xx_HAL_Driver/Src/stm32g0xx_hal.o
 .debug_aranges
                0x00000000000002d8       0xd8 Drivers/STM32G0xx_HAL_Driver/Src/stm32g0xx_hal_cortex.o
 .debug_aranges
                0x00000000000003b0       0x60 Drivers/STM32G0xx_HAL_Driver/Src/stm32g0xx_hal_gpio.o
 .debug_aranges
                0x0000000000000410      0x130 Drivers/STM32G0xx_HAL_Driver/Src/stm32g0xx_hal_pcd.o
 .debug_aranges
                0x0000000000000540       0x58 Drivers/STM32G0xx_HAL_Driver/Src/stm32g0xx_hal_pcd_ex.o
 .debug_aranges
                0x0000000000000598      0x128 Drivers/STM32G0xx_HAL_Driver/Src/stm32g0xx_hal_pwr_ex.o
 .debug_aranges
                0x00000000000006c0       0x98 Drivers/STM32G0xx_HAL_Driver/Src/stm32g0xx_hal_rcc.o
 .debug_aranges
                0x0000000000000758       0x88 Drivers/STM32G0xx_HAL_Driver/Src/stm32g0xx_hal_rcc_ex.o
 .debug_aranges
                0x00000000000007e0      0x248 Drivers/STM32G0xx_HAL_Driver/Src/stm32g0xx_hal_uart.o
 .debug_aranges
                0x0000000000000a28       0xa0 Drivers/STM32G0xx_HAL_Driver/Src/stm32g0xx_hal_uart_ex.o
 .debug_aranges
                0x0000000000000ac8       0x70 Drivers/STM32G0xx_HAL_Driver/Src/stm32g0xx_ll_gpio.o
 .debug_aranges
                0x0000000000000b38       0x58 Drivers/STM32G0xx_HAL_Driver/Src/stm32g0xx_ll_ucpd.o
 .debug_aranges
                0x0000000000000b90      0x118 Drivers/STM32G0xx_HAL_Driver/Src/stm32g0xx_ll_usb.o
 .debug_aranges
                0x0000000000000ca8       0x48 Middlewares/ST/STM32_USBPD_Library/Devices/STM32G0XX/src/usbpd_cad_hw_if.o
 .debug_aranges
                0x0000000000000cf0       0x58 Middlewares/ST/STM32_USBPD_Library/Devices/STM32G0XX/src/usbpd_hw.o
 .debug_aranges
                0x0000000000000d48      0x118 Middlewares/ST/STM32_USBPD_Library/Devices/STM32G0XX/src/usbpd_phy_hw_if.o
 .debug_aranges
                0x0000000000000e60       0x90 Middlewares/ST/STM32_USB_Device_Library/Class/CDC/Src/usbd_cdc.o
 .debug_aranges
                0x0000000000000ef0       0xb8 Middlewares/ST/STM32_USB_Device_Library/Core/Src/usbd_core.o
 .debug_aranges
                0x0000000000000fa8       0x90 Middlewares/ST/STM32_USB_Device_Library/Core/Src/usbd_ctlreq.o
 .debug_aranges
                0x0000000000001038       0x50 Middlewares/ST/STM32_USB_Device_Library/Core/Src/usbd_ioreq.o
 .debug_aranges
                0x0000000000001088       0x20 USBPD/App/usbpd.o
 .debug_aranges
                0x00000000000010a8       0x30 USBPD/usbpd_dpm_core.o
 .debug_aranges
                0x00000000000010d8       0x20 USB_Device/App/usb_device.o
 .debug_aranges
                0x00000000000010f8       0x48 USB_Device/App/usbd_cdc_if.o
 .debug_aranges
                0x0000000000001140       0x60 USB_Device/App/usbd_desc.o
 .debug_aranges
                0x00000000000011a0      0x120 USB_Device/Target/usbd_conf.o

.debug_ranges   0x0000000000000000     0x10f8
 .debug_ranges  0x0000000000000000       0xa0 Core/Src/main.o
 .debug_ranges  0x00000000000000a0       0x20 Core/Src/stm32g0xx_hal_msp.o
 .debug_ranges  0x00000000000000c0       0x48 Core/Src/stm32g0xx_it.o
 .debug_ranges  0x0000000000000108       0x10 Core/Src/sysmem.o
 .debug_ranges  0x0000000000000118       0x18 Core/Src/system_stm32g0xx.o
 .debug_ranges  0x0000000000000130       0x20 Core/Startup/startup_stm32g0b1retx.o
 .debug_ranges  0x0000000000000150      0x120 Drivers/STM32G0xx_HAL_Driver/Src/stm32g0xx_hal.o
 .debug_ranges  0x0000000000000270       0xc8 Drivers/STM32G0xx_HAL_Driver/Src/stm32g0xx_hal_cortex.o
 .debug_ranges  0x0000000000000338       0x50 Drivers/STM32G0xx_HAL_Driver/Src/stm32g0xx_hal_gpio.o
 .debug_ranges  0x0000000000000388      0x120 Drivers/STM32G0xx_HAL_Driver/Src/stm32g0xx_hal_pcd.o
 .debug_ranges  0x00000000000004a8       0x48 Drivers/STM32G0xx_HAL_Driver/Src/stm32g0xx_hal_pcd_ex.o
 .debug_ranges  0x00000000000004f0      0x118 Drivers/STM32G0xx_HAL_Driver/Src/stm32g0xx_hal_pwr_ex.o
 .debug_ranges  0x0000000000000608       0x88 Drivers/STM32G0xx_HAL_Driver/Src/stm32g0xx_hal_rcc.o
 .debug_ranges  0x0000000000000690       0x78 Drivers/STM32G0xx_HAL_Driver/Src/stm32g0xx_hal_rcc_ex.o
 .debug_ranges  0x0000000000000708      0x268 Drivers/STM32G0xx_HAL_Driver/Src/stm32g0xx_hal_uart.o
 .debug_ranges  0x0000000000000970       0x90 Drivers/STM32G0xx_HAL_Driver/Src/stm32g0xx_hal_uart_ex.o
 .debug_ranges  0x0000000000000a00       0x60 Drivers/STM32G0xx_HAL_Driver/Src/stm32g0xx_ll_gpio.o
 .debug_ranges  0x0000000000000a60       0x48 Drivers/STM32G0xx_HAL_Driver/Src/stm32g0xx_ll_ucpd.o
 .debug_ranges  0x0000000000000aa8      0x108 Drivers/STM32G0xx_HAL_Driver/Src/stm32g0xx_ll_usb.o
 .debug_ranges  0x0000000000000bb0       0x38 Middlewares/ST/STM32_USBPD_Library/Devices/STM32G0XX/src/usbpd_cad_hw_if.o
 .debug_ranges  0x0000000000000be8       0x48 Middlewares/ST/STM32_USBPD_Library/Devices/STM32G0XX/src/usbpd_hw.o
 .debug_ranges  0x0000000000000c30      0x108 Middlewares/ST/STM32_USBPD_Library/Devices/STM32G0XX/src/usbpd_phy_hw_if.o
 .debug_ranges  0x0000000000000d38       0x80 Middlewares/ST/STM32_USB_Device_Library/Class/CDC/Src/usbd_cdc.o
 .debug_ranges  0x0000000000000db8       0xa8 Middlewares/ST/STM32_USB_Device_Library/Core/Src/usbd_core.o
 .debug_ranges  0x0000000000000e60       0x80 Middlewares/ST/STM32_USB_Device_Library/Core/Src/usbd_ctlreq.o
 .debug_ranges  0x0000000000000ee0       0x40 Middlewares/ST/STM32_USB_Device_Library/Core/Src/usbd_ioreq.o
 .debug_ranges  0x0000000000000f20       0x10 USBPD/App/usbpd.o
 .debug_ranges  0x0000000000000f30       0x20 USBPD/usbpd_dpm_core.o
 .debug_ranges  0x0000000000000f50       0x10 USB_Device/App/usb_device.o
 .debug_ranges  0x0000000000000f60       0x38 USB_Device/App/usbd_cdc_if.o
 .debug_ranges  0x0000000000000f98       0x50 USB_Device/App/usbd_desc.o
 .debug_ranges  0x0000000000000fe8      0x110 USB_Device/Target/usbd_conf.o

.debug_macro    0x0000000000000000    0x21f95