core_cm0plus.h:741:22:__NVIC_EnableIRQ	16	static,ignoring_inline_asm
core_cm0plus.h:850:22:__NVIC_SetPriority	24	static
stm32g0xx_ll_dma.h:604:22:LL_DMA_SetDataTransferDirection	32	static
stm32g0xx_ll_dma.h:655:22:LL_DMA_SetMode	32	static
stm32g0xx_ll_dma.h:702:22:LL_DMA_SetPeriphIncMode	32	static
stm32g0xx_ll_dma.h:749:22:LL_DMA_SetMemoryIncMode	32	static
stm32g0xx_ll_dma.h:797:22:LL_DMA_SetPeriphSize	32	static
stm32g0xx_ll_dma.h:846:22:LL_DMA_SetMemorySize	32	static
stm32g0xx_ll_dma.h:896:22:LL_DMA_SetChannelPriorityLevel	32	static
stm32g0xx_ll_dma.h:1271:22:LL_DMA_SetPeriphRequest	32	static
stm32g0xx_ll_bus.h:469:22:LL_APB1_GRP1_EnableClock	24	static
stm32g0xx_ll_bus.h:1141:22:LL_IOP_GRP1_EnableClock	24	static
main.c:71:5:main	8	static
main.c:128:6:SystemClock_Config	168	static
main.c:178:13:MX_UCPD1_Init	32	static
main.c:260:13:MX_USART2_UART_Init	8	static
main.c:306:13:MX_DMA_Init	16	static
main.c:327:13:MX_GPIO_Init	56	static
main.c:357:6:Error_Handler	8	static,ignoring_inline_asm
